Archive member included to satisfy reference by file (symbol)

F:\Users\Bernd\Onedrive\Schule\4. Jahrgang\SYT\workspace\stm32f3discovery_hal_lib\Debug\libstm32f3discovery_hal_lib.a(stm32f3xx_hal.o)
                              src/main.o (HAL_Init)
F:\Users\Bernd\Onedrive\Schule\4. Jahrgang\SYT\workspace\stm32f3discovery_hal_lib\Debug\libstm32f3discovery_hal_lib.a(stm32f3xx_hal_cortex.o)
                              F:\Users\Bernd\Onedrive\Schule\4. Jahrgang\SYT\workspace\stm32f3discovery_hal_lib\Debug\libstm32f3discovery_hal_lib.a(stm32f3xx_hal.o) (HAL_NVIC_SetPriorityGrouping)
F:\Users\Bernd\Onedrive\Schule\4. Jahrgang\SYT\workspace\stm32f3discovery_hal_lib\Debug\libstm32f3discovery_hal_lib.a(stm32f3xx_hal_gpio.o)
                              src/main.o (HAL_GPIO_Init)
F:\Users\Bernd\Onedrive\Schule\4. Jahrgang\SYT\workspace\stm32f3discovery_hal_lib\Debug\libstm32f3discovery_hal_lib.a(stm32f3xx_hal_rcc.o)
                              F:\Users\Bernd\Onedrive\Schule\4. Jahrgang\SYT\workspace\stm32f3discovery_hal_lib\Debug\libstm32f3discovery_hal_lib.a(stm32f3xx_hal.o) (HAL_RCC_GetHCLKFreq)
F:\Users\Bernd\Onedrive\Schule\4. Jahrgang\SYT\workspace\stm32f3discovery_hal_lib\Debug\libstm32f3discovery_hal_lib.a(stm32f3_discovery.o)
                              src/main.o (BSP_LED_Init)
F:\Users\Bernd\Onedrive\Schule\4. Jahrgang\SYT\workspace\stm32f3discovery_hal_lib\Debug\libstm32f3discovery_hal_lib.a(stm32f3xx_hal_i2c.o)
                              F:\Users\Bernd\Onedrive\Schule\4. Jahrgang\SYT\workspace\stm32f3discovery_hal_lib\Debug\libstm32f3discovery_hal_lib.a(stm32f3_discovery.o) (HAL_I2C_Init)
F:\Users\Bernd\Onedrive\Schule\4. Jahrgang\SYT\workspace\stm32f3discovery_hal_lib\Debug\libstm32f3discovery_hal_lib.a(stm32f3xx_hal_spi.o)
                              F:\Users\Bernd\Onedrive\Schule\4. Jahrgang\SYT\workspace\stm32f3discovery_hal_lib\Debug\libstm32f3discovery_hal_lib.a(stm32f3_discovery.o) (HAL_SPI_Init)
F:\Users\Bernd\Onedrive\Schule\4. Jahrgang\SYT\workspace\stm32f3discovery_hal_lib\Debug\libstm32f3discovery_hal_lib.a(stm32f3xx_hal_dma.o)
                              F:\Users\Bernd\Onedrive\Schule\4. Jahrgang\SYT\workspace\stm32f3discovery_hal_lib\Debug\libstm32f3discovery_hal_lib.a(stm32f3xx_hal_i2c.o) (HAL_DMA_Start_IT)
f:/ac6/systemworkbench/plugins/fr.ac6.mcu.externaltools.arm-none.win32_1.7.0.201602121829/tools/compiler/bin/../lib/gcc/arm-none-eabi/5.2.1/../../../../arm-none-eabi/lib/armv7e-m\libc.a(lib_a-errno.o)
                              src/syscalls.o (__errno)
f:/ac6/systemworkbench/plugins/fr.ac6.mcu.externaltools.arm-none.win32_1.7.0.201602121829/tools/compiler/bin/../lib/gcc/arm-none-eabi/5.2.1/../../../../arm-none-eabi/lib/armv7e-m\libc.a(lib_a-exit.o)
                              f:/ac6/systemworkbench/plugins/fr.ac6.mcu.externaltools.arm-none.win32_1.7.0.201602121829/tools/compiler/bin/../lib/gcc/arm-none-eabi/5.2.1/../../../../arm-none-eabi/lib/armv7e-m/crt0.o (exit)
f:/ac6/systemworkbench/plugins/fr.ac6.mcu.externaltools.arm-none.win32_1.7.0.201602121829/tools/compiler/bin/../lib/gcc/arm-none-eabi/5.2.1/../../../../arm-none-eabi/lib/armv7e-m\libc.a(lib_a-impure.o)
                              f:/ac6/systemworkbench/plugins/fr.ac6.mcu.externaltools.arm-none.win32_1.7.0.201602121829/tools/compiler/bin/../lib/gcc/arm-none-eabi/5.2.1/../../../../arm-none-eabi/lib/armv7e-m\libc.a(lib_a-exit.o) (_global_impure_ptr)
f:/ac6/systemworkbench/plugins/fr.ac6.mcu.externaltools.arm-none.win32_1.7.0.201602121829/tools/compiler/bin/../lib/gcc/arm-none-eabi/5.2.1/../../../../arm-none-eabi/lib/armv7e-m\libc.a(lib_a-init.o)
                              f:/ac6/systemworkbench/plugins/fr.ac6.mcu.externaltools.arm-none.win32_1.7.0.201602121829/tools/compiler/bin/../lib/gcc/arm-none-eabi/5.2.1/../../../../arm-none-eabi/lib/armv7e-m/crt0.o (__libc_init_array)
f:/ac6/systemworkbench/plugins/fr.ac6.mcu.externaltools.arm-none.win32_1.7.0.201602121829/tools/compiler/bin/../lib/gcc/arm-none-eabi/5.2.1/../../../../arm-none-eabi/lib/armv7e-m\libc.a(lib_a-memset.o)
                              f:/ac6/systemworkbench/plugins/fr.ac6.mcu.externaltools.arm-none.win32_1.7.0.201602121829/tools/compiler/bin/../lib/gcc/arm-none-eabi/5.2.1/../../../../arm-none-eabi/lib/armv7e-m/crt0.o (memset)
f:/ac6/systemworkbench/plugins/fr.ac6.mcu.externaltools.arm-none.win32_1.7.0.201602121829/tools/compiler/bin/../lib/gcc/arm-none-eabi/5.2.1/../../../../arm-none-eabi/lib/armv7e-m\libc.a(lib_a-__call_atexit.o)
                              f:/ac6/systemworkbench/plugins/fr.ac6.mcu.externaltools.arm-none.win32_1.7.0.201602121829/tools/compiler/bin/../lib/gcc/arm-none-eabi/5.2.1/../../../../arm-none-eabi/lib/armv7e-m\libc.a(lib_a-exit.o) (__call_exitprocs)
f:/ac6/systemworkbench/plugins/fr.ac6.mcu.externaltools.arm-none.win32_1.7.0.201602121829/tools/compiler/bin/../lib/gcc/arm-none-eabi/5.2.1/../../../../arm-none-eabi/lib/armv7e-m\libc.a(lib_a-atexit.o)
[...]
Memory Configuration

Name             Origin             Length             Attributes
FLASH            0x08000000         0x00040000         xr
RAM              0x20000000         0x0000a000         xrw
CCMRAM           0x10000000         0x00002000         rw
*default*        0x00000000         0xffffffff

Linker script and memory map

LOAD f:/ac6/systemworkbench/plugins/fr.ac6.mcu.externaltools.arm-none.win32_1.7.0.201602121829/tools/compiler/bin/../lib/gcc/arm-none-eabi/5.2.1/armv7e-m/crti.o
LOAD f:/ac6/systemworkbench/plugins/fr.ac6.mcu.externaltools.arm-none.win32_1.7.0.201602121829/tools/compiler/bin/../lib/gcc/arm-none-eabi/5.2.1/armv7e-m/crtbegin.o
LOAD f:/ac6/systemworkbench/plugins/fr.ac6.mcu.externaltools.arm-none.win32_1.7.0.201602121829/tools/compiler/bin/../lib/gcc/arm-none-eabi/5.2.1/../../../../arm-none-eabi/lib/armv7e-m/crt0.o
LOAD f:/ac6/systemworkbench/plugins/fr.ac6.mcu.externaltools.arm-none.win32_1.7.0.201602121829/tools/compiler/bin/../lib/gcc/arm-none-eabi/5.2.1/../../../../arm-none-eabi/lib/armv7e-m\libm.a
LOAD src/main.o
LOAD src/stm32f3xx_it.o
LOAD src/syscalls.o
LOAD src/system_stm32f3xx.o
LOAD startup/startup_stm32f303xc.o
LOAD F:\Users\Bernd\Onedrive\Schule\4. Jahrgang\SYT\workspace\stm32f3discovery_hal_lib\Debug\libstm32f3discovery_hal_lib.a
START GROUP
LOAD f:/ac6/systemworkbench/plugins/fr.ac6.mcu.externaltools.arm-none.win32_1.7.0.201602121829/tools/compiler/bin/../lib/gcc/arm-none-eabi/5.2.1/armv7e-m\libgcc.a
LOAD f:/ac6/systemworkbench/plugins/fr.ac6.mcu.externaltools.arm-none.win32_1.7.0.201602121829/tools/compiler/bin/../lib/gcc/arm-none-eabi/5.2.1/../../../../arm-none-eabi/lib/armv7e-m\libc.a
END GROUP
LOAD f:/ac6/systemworkbench/plugins/fr.ac6.mcu.externaltools.arm-none.win32_1.7.0.201602121829/tools/compiler/bin/../lib/gcc/arm-none-eabi/5.2.1/armv7e-m/crtend.o
LOAD f:/ac6/systemworkbench/plugins/fr.ac6.mcu.externaltools.arm-none.win32_1.7.0.201602121829/tools/compiler/bin/../lib/gcc/arm-none-eabi/5.2.1/armv7e-m/crtn.o
                0x2000a000                _estack = 0x2000a000
                0x00000200                _Min_Heap_Size = 0x200
                0x00000400                _Min_Stack_Size = 0x400

.isr_vector     0x08000000      0x188
                0x08000000                . = ALIGN (0x4)
 *(.isr_vector)
 .isr_vector    0x08000000      0x188 startup/startup_stm32f303xc.o
                0x08000000                g_pfnVectors
                0x08000188                . = ALIGN (0x4)

.text           0x08000188      0xc98
                0x08000188                . = ALIGN (0x4)
 *(.text)
 .text          0x08000188       0xa4 f:/ac6/systemworkbench/plugins/fr.ac6.mcu.externaltools.arm-none.win32_1.7.0.201602121829/tools/compiler/bin/../lib/gcc/arm-none-eabi/5.2.1/armv7e-m/crtbegin.o
 *(.text*)
 .text.InitializeButton
                0x0800022c       0x4c src/main.o
                0x0800022c                InitializeButton
 .text.HAL_SYSTICK_Callback
                0x08000278        0xc src/main.o
                0x08000278                HAL_SYSTICK_Callback
 .text.HAL_GPIO_EXTI_Callback
                0x08000284       0x18 src/main.o
                0x08000284                HAL_GPIO_EXTI_Callback
 .text.main     0x0800029c       0x30 src/main.o
                0x0800029c                main
 .text.SysTick_Handler
                0x080002cc       0x10 src/stm32f3xx_it.o
                0x080002cc                SysTick_Handler
 .text.EXTI0_IRQHandler
                0x080002dc       0x10 src/stm32f3xx_it.o
                0x080002dc                EXTI0_IRQHandler
 .text.SystemInit
                0x080002ec       0x84 src/system_stm32f3xx.o
                0x080002ec                SystemInit
 .text.Reset_Handler
                0x08000370       0x50 startup/startup_stm32f303xc.o
                0x08000370                Reset_Handler
 .text.Default_Handler
                0x080003c0        0x2 startup/startup_stm32f303xc.o
                0x080003c0                RTC_Alarm_IRQHandler
                0x080003c0                TIM8_TRG_COM_IRQHandler
                0x080003c0                TIM8_CC_IRQHandler
                0x080003c0                DebugMon_Handler
                0x080003c0                TIM1_CC_IRQHandler
                0x080003c0                HardFault_Handler
                0x080003c0                USB_HP_IRQHandler
                0x080003c0                PVD_IRQHandler
                0x080003c0                TAMP_STAMP_IRQHandler
                0x080003c0                PendSV_Handler
                0x080003c0                NMI_Handler
                0x080003c0                EXTI3_IRQHandler
                0x080003c0                USB_HP_CAN_TX_IRQHandler
                0x080003c0                I2C2_EV_IRQHandler
                0x080003c0                FPU_IRQHandler
                0x080003c0                TIM1_UP_TIM16_IRQHandler
                0x080003c0                UsageFault_Handler
                0x080003c0                ADC1_2_IRQHandler
                0x080003c0                SPI1_IRQHandler
                0x080003c0                CAN_SCE_IRQHandler
                0x080003c0                TIM6_DAC_IRQHandler
                0x080003c0                TIM8_UP_IRQHandler
                0x080003c0                DMA2_Channel2_IRQHandler
                0x080003c0                DMA1_Channel4_IRQHandler
                0x080003c0                USART3_IRQHandler
                0x080003c0                DMA1_Channel7_IRQHandler
                0x080003c0                UART5_IRQHandler
                0x080003c0                ADC3_IRQHandler
                0x080003c0                TIM4_IRQHandler
                0x080003c0                CAN_RX1_IRQHandler
                0x080003c0                DMA2_Channel1_IRQHandler
                0x080003c0                I2C1_EV_IRQHandler
                0x080003c0                DMA1_Channel6_IRQHandler
                0x080003c0                UART4_IRQHandler
                0x080003c0                DMA2_Channel4_IRQHandler
                0x080003c0                TIM3_IRQHandler
                0x080003c0                RCC_IRQHandler
                0x080003c0                DMA1_Channel1_IRQHandler
                0x080003c0                Default_Handler
                0x080003c0                USBWakeUp_RMP_IRQHandler
                0x080003c0                EXTI15_10_IRQHandler
                0x080003c0                TIM7_IRQHandler
                0x080003c0                EXTI9_5_IRQHandler
                0x080003c0                RTC_WKUP_IRQHandler
                0x080003c0                SPI2_IRQHandler
                0x080003c0                USB_LP_CAN_RX0_IRQHandler
                0x080003c0                MemManage_Handler
                0x080003c0                SVC_Handler
                0x080003c0                DMA2_Channel5_IRQHandler
                0x080003c0                DMA1_Channel5_IRQHandler
                0x080003c0                USB_LP_IRQHandler
                0x080003c0                EXTI4_IRQHandler
                0x080003c0                TIM1_TRG_COM_TIM17_IRQHandler
                0x080003c0                DMA1_Channel3_IRQHandler
                0x080003c0                ADC4_IRQHandler
                0x080003c0                WWDG_IRQHandler
                0x080003c0                TIM2_IRQHandler
                0x080003c0                COMP7_IRQHandler
                0x080003c0                COMP1_2_3_IRQHandler
                0x080003c0                EXTI1_IRQHandler
                0x080003c0                USART2_IRQHandler
                0x080003c0                COMP4_5_6_IRQHandler
                0x080003c0                I2C2_ER_IRQHandler
                0x080003c0                DMA1_Channel2_IRQHandler
                0x080003c0                TIM8_BRK_IRQHandler
                0x080003c0                FLASH_IRQHandler
                0x080003c0                BusFault_Handler
                0x080003c0                USART1_IRQHandler
                0x080003c0                SPI3_IRQHandler
                0x080003c0                I2C1_ER_IRQHandler
                0x080003c0                USBWakeUp_IRQHandler
                0x080003c0                DMA2_Channel3_IRQHandler
                0x080003c0                EXTI2_TSC_IRQHandler
                0x080003c0                TIM1_BRK_TIM15_IRQHandler
 *fill*         0x080003c2        0x2 
 .text.HAL_Init
                0x080003c4       0x2c F:\Users\Bernd\Onedrive\Schule\4. Jahrgang\SYT\workspace\stm32f3discovery_hal_lib\Debug\libstm32f3discovery_hal_lib.a(stm32f3xx_hal.o)
                0x080003c4                HAL_Init
 .text.HAL_MspInit
                0x080003f0        0xc F:\Users\Bernd\Onedrive\Schule\4. Jahrgang\SYT\workspace\stm32f3discovery_hal_lib\Debug\libstm32f3discovery_hal_lib.a(stm32f3xx_hal.o)
                0x080003f0                HAL_MspInit
 .text.HAL_InitTick
                0x080003fc       0x38 F:\Users\Bernd\Onedrive\Schule\4. Jahrgang\SYT\workspace\stm32f3discovery_hal_lib\Debug\libstm32f3discovery_hal_lib.a(stm32f3xx_hal.o)
                0x080003fc                HAL_InitTick
 .text.HAL_IncTick
                0x08000434       0x1c F:\Users\Bernd\Onedrive\Schule\4. Jahrgang\SYT\workspace\stm32f3discovery_hal_lib\Debug\libstm32f3discovery_hal_lib.a(stm32f3xx_hal.o)
                0x08000434                HAL_IncTick
 .text.NVIC_SetPriorityGrouping
                0x08000450       0x48 F:\Users\Bernd\Onedrive\Schule\4. Jahrgang\SYT\workspace\stm32f3discovery_hal_lib\Debug\libstm32f3discovery_hal_lib.a(stm32f3xx_hal_cortex.o)
 .text.NVIC_GetPriorityGrouping
                0x08000498       0x1c F:\Users\Bernd\Onedrive\Schule\4. Jahrgang\SYT\workspace\stm32f3discovery_hal_lib\Debug\libstm32f3discovery_hal_lib.a(stm32f3xx_hal_cortex.o)
 .text.NVIC_EnableIRQ
                0x080004b4       0x30 F:\Users\Bernd\Onedrive\Schule\4. Jahrgang\SYT\workspace\stm32f3discovery_hal_lib\Debug\libstm32f3discovery_hal_lib.a(stm32f3xx_hal_cortex.o)
 .text.NVIC_SetPriority
                0x080004e4       0x54 F:\Users\Bernd\Onedrive\Schule\4. Jahrgang\SYT\workspace\stm32f3discovery_hal_lib\Debug\libstm32f3discovery_hal_lib.a(stm32f3xx_hal_cortex.o)
 .text.NVIC_EncodePriority
                0x08000538       0x60 F:\Users\Bernd\Onedrive\Schule\4. Jahrgang\SYT\workspace\stm32f3discovery_hal_lib\Debug\libstm32f3discovery_hal_lib.a(stm32f3xx_hal_cortex.o)
 .text.SysTick_Config
                0x08000598       0x44 F:\Users\Bernd\Onedrive\Schule\4. Jahrgang\SYT\workspace\stm32f3discovery_hal_lib\Debug\libstm32f3discovery_hal_lib.a(stm32f3xx_hal_cortex.o)
 .text.HAL_NVIC_SetPriorityGrouping
                0x080005dc       0x18 F:\Users\Bernd\Onedrive\Schule\4. Jahrgang\SYT\workspace\stm32f3discovery_hal_lib\Debug\libstm32f3discovery_hal_lib.a(stm32f3xx_hal_cortex.o)
                0x080005dc                HAL_NVIC_SetPriorityGrouping
 .text.HAL_NVIC_SetPriority
                0x080005f4       0x38 F:\Users\Bernd\Onedrive\Schule\4. Jahrgang\SYT\workspace\stm32f3discovery_hal_lib\Debug\libstm32f3discovery_hal_lib.a(stm32f3xx_hal_cortex.o)
                0x080005f4                HAL_NVIC_SetPriority
 .text.HAL_NVIC_EnableIRQ
                0x0800062c       0x1c F:\Users\Bernd\Onedrive\Schule\4. Jahrgang\SYT\workspace\stm32f3discovery_hal_lib\Debug\libstm32f3discovery_hal_lib.a(stm32f3xx_hal_cortex.o)
                0x0800062c                HAL_NVIC_EnableIRQ
 .text.HAL_SYSTICK_Config
                0x08000648       0x18 F:\Users\Bernd\Onedrive\Schule\4. Jahrgang\SYT\workspace\stm32f3discovery_hal_lib\Debug\libstm32f3discovery_hal_lib.a(stm32f3xx_hal_cortex.o)
                0x08000648                HAL_SYSTICK_Config
 .text.HAL_SYSTICK_IRQHandler
                0x08000660        0xc F:\Users\Bernd\Onedrive\Schule\4. Jahrgang\SYT\workspace\stm32f3discovery_hal_lib\Debug\libstm32f3discovery_hal_lib.a(stm32f3xx_hal_cortex.o)
                0x08000660                HAL_SYSTICK_IRQHandler
 .text.HAL_GPIO_Init
                0x0800066c      0x2f8 F:\Users\Bernd\Onedrive\Schule\4. Jahrgang\SYT\workspace\stm32f3discovery_hal_lib\Debug\libstm32f3discovery_hal_lib.a(stm32f3xx_hal_gpio.o)
                0x0800066c                HAL_GPIO_Init
 .text.HAL_GPIO_WritePin
                0x08000964       0x30 F:\Users\Bernd\Onedrive\Schule\4. Jahrgang\SYT\workspace\stm32f3discovery_hal_lib\Debug\libstm32f3discovery_hal_lib.a(stm32f3xx_hal_gpio.o)
                0x08000964                HAL_GPIO_WritePin
 .text.HAL_GPIO_TogglePin
                0x08000994       0x24 F:\Users\Bernd\Onedrive\Schule\4. Jahrgang\SYT\workspace\stm32f3discovery_hal_lib\Debug\libstm32f3discovery_hal_lib.a(stm32f3xx_hal_gpio.o)
                0x08000994                HAL_GPIO_TogglePin
 .text.HAL_GPIO_EXTI_IRQHandler
                0x080009b8       0x30 F:\Users\Bernd\Onedrive\Schule\4. Jahrgang\SYT\workspace\stm32f3discovery_hal_lib\Debug\libstm32f3discovery_hal_lib.a(stm32f3xx_hal_gpio.o)
                0x080009b8                HAL_GPIO_EXTI_IRQHandler
 .text.HAL_RCC_GetSysClockFreq
                0x080009e8       0xd0 F:\Users\Bernd\Onedrive\Schule\4. Jahrgang\SYT\workspace\stm32f3discovery_hal_lib\Debug\libstm32f3discovery_hal_lib.a(stm32f3xx_hal_rcc.o)
                0x080009e8                HAL_RCC_GetSysClockFreq
 .text.HAL_RCC_GetHCLKFreq
                0x08000ab8       0x50 F:\Users\Bernd\Onedrive\Schule\4. Jahrgang\SYT\workspace\stm32f3discovery_hal_lib\Debug\libstm32f3discovery_hal_lib.a(stm32f3xx_hal_rcc.o)
                0x08000ab8                HAL_RCC_GetHCLKFreq
 .text.BSP_LED_Init
                0x08000b08      0x160 F:\Users\Bernd\Onedrive\Schule\4. Jahrgang\SYT\workspace\stm32f3discovery_hal_lib\Debug\libstm32f3discovery_hal_lib.a(stm32f3_discovery.o)
                0x08000b08                BSP_LED_Init
 .text.BSP_LED_On
                0x08000c68       0x34 F:\Users\Bernd\Onedrive\Schule\4. Jahrgang\SYT\workspace\stm32f3discovery_hal_lib\Debug\libstm32f3discovery_hal_lib.a(stm32f3_discovery.o)
                0x08000c68                BSP_LED_On
 .text.BSP_LED_Toggle
                0x08000c9c       0x30 F:\Users\Bernd\Onedrive\Schule\4. Jahrgang\SYT\workspace\stm32f3discovery_hal_lib\Debug\libstm32f3discovery_hal_lib.a(stm32f3_discovery.o)
                0x08000c9c                BSP_LED_Toggle
 .text.__libc_init_array
                0x08000ccc       0x50 f:/ac6/systemworkbench/plugins/fr.ac6.mcu.externaltools.arm-none.win32_1.7.0.201602121829/tools/compiler/bin/../lib/gcc/arm-none-eabi/5.2.1/../../../../arm-none-eabi/lib/armv7e-m\libc.a(lib_a-init.o)
                0x08000ccc                __libc_init_array
 .text.startup.register_fini
                0x08000d1c       0x14 f:/ac6/systemworkbench/plugins/fr.ac6.mcu.externaltools.arm-none.win32_1.7.0.201602121829/tools/compiler/bin/../lib/gcc/arm-none-eabi/5.2.1/../../../../arm-none-eabi/lib/armv7e-m\libc.a(lib_a-__call_atexit.o)
 .text.atexit   0x08000d30        0xc f:/ac6/systemworkbench/plugins/fr.ac6.mcu.externaltools.arm-none.win32_1.7.0.201602121829/tools/compiler/bin/../lib/gcc/arm-none-eabi/5.2.1/../../../../arm-none-eabi/lib/armv7e-m\libc.a(lib_a-atexit.o)
                0x08000d30                atexit
 .text.__libc_fini_array
                0x08000d3c       0x28 f:/ac6/systemworkbench/plugins/fr.ac6.mcu.externaltools.arm-none.win32_1.7.0.201602121829/tools/compiler/bin/../lib/gcc/arm-none-eabi/5.2.1/../../../../arm-none-eabi/lib/armv7e-m\libc.a(lib_a-fini.o)
                0x08000d3c                __libc_fini_array
 .text.__register_exitproc
                0x08000d64       0xa4 f:/ac6/systemworkbench/plugins/fr.ac6.mcu.externaltools.arm-none.win32_1.7.0.201602121829/tools/compiler/bin/../lib/gcc/arm-none-eabi/5.2.1/../../../../arm-none-eabi/lib/armv7e-m\libc.a(lib_a-__atexit.o)
                0x08000d64                __register_exitproc
 *(.glue_7)
 .glue_7        0x08000e08        0x0 linker stubs
 *(.glue_7t)
 .glue_7t       0x08000e08        0x0 linker stubs
 *(.eh_frame)
 .eh_frame      0x08000e08        0x0 f:/ac6/systemworkbench/plugins/fr.ac6.mcu.externaltools.arm-none.win32_1.7.0.201602121829/tools/compiler/bin/../lib/gcc/arm-none-eabi/5.2.1/armv7e-m/crtbegin.o
 *(.init)
 .init          0x08000e08        0x4 f:/ac6/systemworkbench/plugins/fr.ac6.mcu.externaltools.arm-none.win32_1.7.0.201602121829/tools/compiler/bin/../lib/gcc/arm-none-eabi/5.2.1/armv7e-m/crti.o
                0x08000e08                _init
 .init          0x08000e0c        0x8 f:/ac6/systemworkbench/plugins/fr.ac6.mcu.externaltools.arm-none.win32_1.7.0.201602121829/tools/compiler/bin/../lib/gcc/arm-none-eabi/5.2.1/armv7e-m/crtn.o
 *(.fini)
 .fini          0x08000e14        0x4 f:/ac6/systemworkbench/plugins/fr.ac6.mcu.externaltools.arm-none.win32_1.7.0.201602121829/tools/compiler/bin/../lib/gcc/arm-none-eabi/5.2.1/armv7e-m/crti.o
                0x08000e14                _fini
 .fini          0x08000e18        0x8 f:/ac6/systemworkbench/plugins/fr.ac6.mcu.externaltools.arm-none.win32_1.7.0.201602121829/tools/compiler/bin/../lib/gcc/arm-none-eabi/5.2.1/armv7e-m/crtn.o
                0x08000e20                . = ALIGN (0x4)
                0x08000e20                _etext = .

.vfp11_veneer   0x08000e20        0x0
 .vfp11_veneer  0x08000e20        0x0 linker stubs

.v4_bx          0x08000e20        0x0
 .v4_bx         0x08000e20        0x0 linker stubs

.iplt           0x08000e20        0x0
 .iplt          0x08000e20        0x0 f:/ac6/systemworkbench/plugins/fr.ac6.mcu.externaltools.arm-none.win32_1.7.0.201602121829/tools/compiler/bin/../lib/gcc/arm-none-eabi/5.2.1/armv7e-m/crtbegin.o

.rodata         0x08000e20       0x50
                0x08000e20                . = ALIGN (0x4)
 *(.rodata)
 .rodata        0x08000e20       0x30 F:\Users\Bernd\Onedrive\Schule\4. Jahrgang\SYT\workspace\stm32f3discovery_hal_lib\Debug\libstm32f3discovery_hal_lib.a(stm32f3xx_hal_rcc.o)
                0x08000e20                aAPBAHBPrescTable
                0x08000e30                aPLLMULFactorTable
                0x08000e40                aPredivFactorTable
 .rodata        0x08000e50       0x15 F:\Users\Bernd\Onedrive\Schule\4. Jahrgang\SYT\workspace\stm32f3discovery_hal_lib\Debug\libstm32f3discovery_hal_lib.a(stm32f3_discovery.o)
                0x08000e50                LED_PIN
                0x08000e60                BUTTON_PIN
                0x08000e64                BUTTON_IRQn
 *(.rodata*)
 *fill*         0x08000e65        0x3 
 .rodata.str1.4
                0x08000e68        0x4 f:/ac6/systemworkbench/plugins/fr.ac6.mcu.externaltools.arm-none.win32_1.7.0.201602121829/tools/compiler/bin/../lib/gcc/arm-none-eabi/5.2.1/../../../../arm-none-eabi/lib/armv7e-m\libc.a(lib_a-impure.o)
                                  0x2 (size before relaxing)
 .rodata._global_impure_ptr
                0x08000e6c        0x4 f:/ac6/systemworkbench/plugins/fr.ac6.mcu.externaltools.arm-none.win32_1.7.0.201602121829/tools/compiler/bin/../lib/gcc/arm-none-eabi/5.2.1/../../../../arm-none-eabi/lib/armv7e-m\libc.a(lib_a-impure.o)
                0x08000e6c                _global_impure_ptr
                0x08000e70                . = ALIGN (0x4)

.rel.dyn        0x08000e70        0x0
 .rel.iplt      0x08000e70        0x0 f:/ac6/systemworkbench/plugins/fr.ac6.mcu.externaltools.arm-none.win32_1.7.0.201602121829/tools/compiler/bin/../lib/gcc/arm-none-eabi/5.2.1/armv7e-m/crtbegin.o

.ARM.extab
 *(.ARM.extab* .gnu.linkonce.armextab.*)

.ARM            0x08000e70        0x0
                0x08000e70                __exidx_start = .
 *(.ARM.exidx*)
                0x08000e70                __exidx_end = .

.preinit_array  0x08000e70        0x0
                0x08000e70                PROVIDE (__preinit_array_start, .)
 *(.preinit_array*)
                0x08000e70                PROVIDE (__preinit_array_end, .)

.init_array     0x08000e70        0x8
                0x08000e70                PROVIDE (__init_array_start, .)
 *(SORT(.init_array.*))
 .init_array.00000
                0x08000e70        0x4 f:/ac6/systemworkbench/plugins/fr.ac6.mcu.externaltools.arm-none.win32_1.7.0.201602121829/tools/compiler/bin/../lib/gcc/arm-none-eabi/5.2.1/../../../../arm-none-eabi/lib/armv7e-m\libc.a(lib_a-__call_atexit.o)
 *(.init_array*)
 .init_array    0x08000e74        0x4 f:/ac6/systemworkbench/plugins/fr.ac6.mcu.externaltools.arm-none.win32_1.7.0.201602121829/tools/compiler/bin/../lib/gcc/arm-none-eabi/5.2.1/armv7e-m/crtbegin.o
                0x08000e78                PROVIDE (__init_array_end, .)

.fini_array     0x08000e78        0x4
                0x08000e78                PROVIDE (__fini_array_start, .)
 *(SORT(.fini_array.*))
 *(.fini_array*)
 .fini_array    0x08000e78        0x4 f:/ac6/systemworkbench/plugins/fr.ac6.mcu.externaltools.arm-none.win32_1.7.0.201602121829/tools/compiler/bin/../lib/gcc/arm-none-eabi/5.2.1/armv7e-m/crtbegin.o
                0x08000e7c                PROVIDE (__fini_array_end, .)
                0x08000e7c                _sidata = LOADADDR (.data)

.data           0x20000000      0x458 load address 0x08000e7c
                0x20000000                . = ALIGN (0x4)
                0x20000000                _sdata = .
 *(.data)
 .data          0x20000000        0x4 src/system_stm32f3xx.o
                0x20000000                SystemCoreClock
 .data          0x20000004       0x2c F:\Users\Bernd\Onedrive\Schule\4. Jahrgang\SYT\workspace\stm32f3discovery_hal_lib\Debug\libstm32f3discovery_hal_lib.a(stm32f3_discovery.o)
                0x20000004                LED_PORT
                0x20000024                BUTTON_PORT
                0x20000028                SpixTimeout
                0x2000002c                I2cxTimeout
 *(.data*)
 .data.impure_data
                0x20000030      0x428 f:/ac6/systemworkbench/plugins/fr.ac6.mcu.externaltools.arm-none.win32_1.7.0.201602121829/tools/compiler/bin/../lib/gcc/arm-none-eabi/5.2.1/../../../../arm-none-eabi/lib/armv7e-m\libc.a(lib_a-impure.o)
                0x20000458                . = ALIGN (0x4)
                0x20000458                _edata = .
                0x080012d4                _siccmram = LOADADDR (.ccmram)

.jcr            0x20000458        0x0 load address 0x080012d4
 .jcr           0x20000458        0x0 f:/ac6/systemworkbench/plugins/fr.ac6.mcu.externaltools.arm-none.win32_1.7.0.201602121829/tools/compiler/bin/../lib/gcc/arm-none-eabi/5.2.1/armv7e-m/crtbegin.o

.tm_clone_table
                0x20000458        0x0 load address 0x080012d4
 .tm_clone_table
                0x20000458        0x0 f:/ac6/systemworkbench/plugins/fr.ac6.mcu.externaltools.arm-none.win32_1.7.0.201602121829/tools/compiler/bin/../lib/gcc/arm-none-eabi/5.2.1/armv7e-m/crtbegin.o
 .tm_clone_table
                0x20000458        0x0 f:/ac6/systemworkbench/plugins/fr.ac6.mcu.externaltools.arm-none.win32_1.7.0.201602121829/tools/compiler/bin/../lib/gcc/arm-none-eabi/5.2.1/armv7e-m/crtend.o

.igot.plt       0x20000458        0x0 load address 0x080012d4
 .igot.plt      0x20000458        0x0 f:/ac6/systemworkbench/plugins/fr.ac6.mcu.externaltools.arm-none.win32_1.7.0.201602121829/tools/compiler/bin/../lib/gcc/arm-none-eabi/5.2.1/armv7e-m/crtbegin.o

.ccmram         0x10000000        0x0 load address 0x080012d4
                0x10000000                . = ALIGN (0x4)
                0x10000000                _sccmram = .
 *(.ccmram)
 *(.ccmram*)
                0x10000000                . = ALIGN (0x4)
                0x10000000                _eccmram = .
                0x10000000                . = ALIGN (0x4)

.bss            0x20000458       0x34
                0x20000458                _sbss = .
                0x20000458                __bss_start__ = _sbss
 *(.bss)
 .bss           0x20000458       0x1c f:/ac6/systemworkbench/plugins/fr.ac6.mcu.externaltools.arm-none.win32_1.7.0.201602121829/tools/compiler/bin/../lib/gcc/arm-none-eabi/5.2.1/armv7e-m/crtbegin.o
 .bss           0x20000474        0x4 F:\Users\Bernd\Onedrive\Schule\4. Jahrgang\SYT\workspace\stm32f3discovery_hal_lib\Debug\libstm32f3discovery_hal_lib.a(stm32f3xx_hal.o)
 *(.bss*)
 *(COMMON)
 COMMON         0x20000478       0x14 src/main.o
                0x20000478                GPIO_InitStruct
                0x2000048c                . = ALIGN (0x4)
                0x2000048c                _ebss = .
                0x2000048c                __bss_end__ = _ebss

._user_heap_stack
                0x2000048c      0x604
                0x20000490                . = ALIGN (0x8)
 *fill*         0x2000048c        0x4 
                0x20000490                PROVIDE (end, .)
                [!provide]                PROVIDE (_end, .)
                0x20000690                . = (. + _Min_Heap_Size)
 *fill*         0x20000490      0x200 
                0x20000a90                . = (. + _Min_Stack_Size)
 *fill*         0x20000690      0x400 
                0x20000a90                . = ALIGN (0x8)

/DISCARD/
 libc.a(*)
 libm.a(*)
 libgcc.a(*)

.ARM.attributes
                0x00000000       0x2a
 *(.ARM.attributes)
 .ARM.attributes
                0x00000000       0x1e f:/ac6/systemworkbench/plugins/fr.ac6.mcu.externaltools.arm-none.win32_1.7.0.201602121829/tools/compiler/bin/../lib/gcc/arm-none-eabi/5.2.1/armv7e-m/crti.o
 .ARM.attributes
                0x0000001e       0x2e f:/ac6/systemworkbench/plugins/fr.ac6.mcu.externaltools.arm-none.win32_1.7.0.201602121829/tools/compiler/bin/../lib/gcc/arm-none-eabi/5.2.1/armv7e-m/crtbegin.o
 .ARM.attributes
                0x0000004c       0x33 src/main.o
 .ARM.attributes
                0x0000007f       0x33 src/stm32f3xx_it.o
 .ARM.attributes
                0x000000b2       0x33 src/system_stm32f3xx.o
 .ARM.attributes
                0x000000e5       0x21 startup/startup_stm32f303xc.o
 .ARM.attributes
                0x00000106       0x33 F:\Users\Bernd\Onedrive\Schule\4. Jahrgang\SYT\workspace\stm32f3discovery_hal_lib\Debug\libstm32f3discovery_hal_lib.a(stm32f3xx_hal.o)
 .ARM.attributes
                0x00000139       0x33 F:\Users\Bernd\Onedrive\Schule\4. Jahrgang\SYT\workspace\stm32f3discovery_hal_lib\Debug\libstm32f3discovery_hal_lib.a(stm32f3xx_hal_cortex.o)
 .ARM.attributes
                0x0000016c       0x33 F:\Users\Bernd\Onedrive\Schule\4. Jahrgang\SYT\workspace\stm32f3discovery_hal_lib\Debug\libstm32f3discovery_hal_lib.a(stm32f3xx_hal_gpio.o)
 .ARM.attributes
                0x0000019f       0x33 F:\Users\Bernd\Onedrive\Schule\4. Jahrgang\SYT\workspace\stm32f3discovery_hal_lib\Debug\libstm32f3discovery_hal_lib.a(stm32f3xx_hal_rcc.o)
 .ARM.attributes
                0x000001d2       0x33 F:\Users\Bernd\Onedrive\Schule\4. Jahrgang\SYT\workspace\stm32f3discovery_hal_lib\Debug\libstm32f3discovery_hal_lib.a(stm32f3_discovery.o)
 .ARM.attributes
                0x00000205       0x2e f:/ac6/systemworkbench/plugins/fr.ac6.mcu.externaltools.arm-none.win32_1.7.0.201602121829/tools/compiler/bin/../lib/gcc/arm-none-eabi/5.2.1/../../../../arm-none-eabi/lib/armv7e-m\libc.a(lib_a-impure.o)
 .ARM.attributes
                0x00000233       0x2e f:/ac6/systemworkbench/plugins/fr.ac6.mcu.externaltools.arm-none.win32_1.7.0.201602121829/tools/compiler/bin/../lib/gcc/arm-none-eabi/5.2.1/../../../../arm-none-eabi/lib/armv7e-m\libc.a(lib_a-init.o)
 .ARM.attributes
                0x00000261       0x2e f:/ac6/systemworkbench/plugins/fr.ac6.mcu.externaltools.arm-none.win32_1.7.0.201602121829/tools/compiler/bin/../lib/gcc/arm-none-eabi/5.2.1/../../../../arm-none-eabi/lib/armv7e-m\libc.a(lib_a-__call_atexit.o)
 .ARM.attributes
                0x0000028f       0x2e f:/ac6/systemworkbench/plugins/fr.ac6.mcu.externaltools.arm-none.win32_1.7.0.201602121829/tools/compiler/bin/../lib/gcc/arm-none-eabi/5.2.1/../../../../arm-none-eabi/lib/armv7e-m\libc.a(lib_a-atexit.o)
 .ARM.attributes
                0x000002bd       0x2e f:/ac6/systemworkbench/plugins/fr.ac6.mcu.externaltools.arm-none.win32_1.7.0.201602121829/tools/compiler/bin/../lib/gcc/arm-none-eabi/5.2.1/../../../../arm-none-eabi/lib/armv7e-m\libc.a(lib_a-fini.o)
 .ARM.attributes
                0x000002eb       0x2e f:/ac6/systemworkbench/plugins/fr.ac6.mcu.externaltools.arm-none.win32_1.7.0.201602121829/tools/compiler/bin/../lib/gcc/arm-none-eabi/5.2.1/../../../../arm-none-eabi/lib/armv7e-m\libc.a(lib_a-__atexit.o)
 .ARM.attributes
                0x00000319       0x2e f:/ac6/systemworkbench/plugins/fr.ac6.mcu.externaltools.arm-none.win32_1.7.0.201602121829/tools/compiler/bin/../lib/gcc/arm-none-eabi/5.2.1/armv7e-m/crtend.o
 .ARM.attributes
                0x00000347       0x1e f:/ac6/systemworkbench/plugins/fr.ac6.mcu.externaltools.arm-none.win32_1.7.0.201602121829/tools/compiler/bin/../lib/gcc/arm-none-eabi/5.2.1/armv7e-m/crtn.o
OUTPUT(ampel.elf elf32-littlearm)

.debug_info     0x00000000     0x526d
 .debug_info    0x00000000      0x5d1 src/main.o
 .debug_info    0x000005d1       0xe4 src/stm32f3xx_it.o
 .debug_info    0x000006b5      0x3c0 src/system_stm32f3xx.o
 .debug_info    0x00000a75       0x8b startup/startup_stm32f303xc.o
 .debug_info    0x00000b00      0x652 F:\Users\Bernd\Onedrive\Schule\4. Jahrgang\SYT\workspace\stm32f3discovery_hal_lib\Debug\libstm32f3discovery_hal_lib.a(stm32f3xx_hal.o)
 .debug_info    0x00001152      0xcaf F:\Users\Bernd\Onedrive\Schule\4. Jahrgang\SYT\workspace\stm32f3discovery_hal_lib\Debug\libstm32f3discovery_hal_lib.a(stm32f3xx_hal_cortex.o)
 .debug_info    0x00001e01      0x667 F:\Users\Bernd\Onedrive\Schule\4. Jahrgang\SYT\workspace\stm32f3discovery_hal_lib\Debug\libstm32f3discovery_hal_lib.a(stm32f3xx_hal_gpio.o)
 .debug_info    0x00002468     0x1afe F:\Users\Bernd\Onedrive\Schule\4. Jahrgang\SYT\workspace\stm32f3discovery_hal_lib\Debug\libstm32f3discovery_hal_lib.a(stm32f3xx_hal_rcc.o)
 .debug_info    0x00003f66     0x1307 F:\Users\Bernd\Onedrive\Schule\4. Jahrgang\SYT\workspace\stm32f3discovery_hal_lib\Debug\libstm32f3discovery_hal_lib.a(stm32f3_discovery.o)

.debug_abbrev   0x00000000      0xd72
 .debug_abbrev  0x00000000      0x184 src/main.o
 .debug_abbrev  0x00000184       0x6a src/stm32f3xx_it.o
 .debug_abbrev  0x000001ee      0x104 src/system_stm32f3xx.o
 .debug_abbrev  0x000002f2       0x12 startup/startup_stm32f303xc.o
 .debug_abbrev  0x00000304      0x188 F:\Users\Bernd\Onedrive\Schule\4. Jahrgang\SYT\workspace\stm32f3discovery_hal_lib\Debug\libstm32f3discovery_hal_lib.a(stm32f3xx_hal.o)
 .debug_abbrev  0x0000048c      0x298 F:\Users\Bernd\Onedrive\Schule\4. Jahrgang\SYT\workspace\stm32f3discovery_hal_lib\Debug\libstm32f3discovery_hal_lib.a(stm32f3xx_hal_cortex.o)
 .debug_abbrev  0x00000724      0x1af F:\Users\Bernd\Onedrive\Schule\4. Jahrgang\SYT\workspace\stm32f3discovery_hal_lib\Debug\libstm32f3discovery_hal_lib.a(stm32f3xx_hal_gpio.o)
 .debug_abbrev  0x000008d3      0x25f F:\Users\Bernd\Onedrive\Schule\4. Jahrgang\SYT\workspace\stm32f3discovery_hal_lib\Debug\libstm32f3discovery_hal_lib.a(stm32f3xx_hal_rcc.o)
 .debug_abbrev  0x00000b32      0x240 F:\Users\Bernd\Onedrive\Schule\4. Jahrgang\SYT\workspace\stm32f3discovery_hal_lib\Debug\libstm32f3discovery_hal_lib.a(stm32f3_discovery.o)

.debug_aranges  0x00000000      0x430
 .debug_aranges
                0x00000000       0x50 src/main.o
 .debug_aranges
                0x00000050       0x28 src/stm32f3xx_it.o
 .debug_aranges
                0x00000078       0x28 src/system_stm32f3xx.o
 .debug_aranges
                0x000000a0       0x28 startup/startup_stm32f303xc.o
 .debug_aranges
                0x000000c8       0xb0 F:\Users\Bernd\Onedrive\Schule\4. Jahrgang\SYT\workspace\stm32f3discovery_hal_lib\Debug\libstm32f3discovery_hal_lib.a(stm32f3xx_hal.o)
 .debug_aranges
                0x00000178      0x108 F:\Users\Bernd\Onedrive\Schule\4. Jahrgang\SYT\workspace\stm32f3discovery_hal_lib\Debug\libstm32f3discovery_hal_lib.a(stm32f3xx_hal_cortex.o)
 .debug_aranges
                0x00000280       0x58 F:\Users\Bernd\Onedrive\Schule\4. Jahrgang\SYT\workspace\stm32f3discovery_hal_lib\Debug\libstm32f3discovery_hal_lib.a(stm32f3xx_hal_gpio.o)
 .debug_aranges
                0x000002d8       0x88 F:\Users\Bernd\Onedrive\Schule\4. Jahrgang\SYT\workspace\stm32f3discovery_hal_lib\Debug\libstm32f3discovery_hal_lib.a(stm32f3xx_hal_rcc.o)
 .debug_aranges
                0x00000360       0xd0 F:\Users\Bernd\Onedrive\Schule\4. Jahrgang\SYT\workspace\stm32f3discovery_hal_lib\Debug\libstm32f3discovery_hal_lib.a(stm32f3_discovery.o)

.debug_ranges   0x00000000      0x3a8
 .debug_ranges  0x00000000       0x40 src/main.o
 .debug_ranges  0x00000040       0x18 src/stm32f3xx_it.o
 .debug_ranges  0x00000058       0x18 src/system_stm32f3xx.o
 .debug_ranges  0x00000070       0x20 startup/startup_stm32f303xc.o
 .debug_ranges  0x00000090       0xa0 F:\Users\Bernd\Onedrive\Schule\4. Jahrgang\SYT\workspace\stm32f3discovery_hal_lib\Debug\libstm32f3discovery_hal_lib.a(stm32f3xx_hal.o)
 .debug_ranges  0x00000130       0xf8 F:\Users\Bernd\Onedrive\Schule\4. Jahrgang\SYT\workspace\stm32f3discovery_hal_lib\Debug\libstm32f3discovery_hal_lib.a(stm32f3xx_hal_cortex.o)
 .debug_ranges  0x00000228       0x48 F:\Users\Bernd\Onedrive\Schule\4. Jahrgang\SYT\workspace\stm32f3discovery_hal_lib\Debug\libstm32f3discovery_hal_lib.a(stm32f3xx_hal_gpio.o)
 .debug_ranges  0x00000270       0x78 F:\Users\Bernd\Onedrive\Schule\4. Jahrgang\SYT\workspace\stm32f3discovery_hal_lib\Debug\libstm32f3discovery_hal_lib.a(stm32f3xx_hal_rcc.o)
 .debug_ranges  0x000002e8       0xc0 F:\Users\Bernd\Onedrive\Schule\4. Jahrgang\SYT\workspace\stm32f3discovery_hal_lib\Debug\libstm32f3discovery_hal_lib.a(stm32f3_discovery.o)

.debug_macro    0x00000000    0x17671
 .debug_macro   0x00000000      0x431 src/main.o
 .debug_macro   0x00000431      0x8a4 src/main.o
 .debug_macro   0x00000cd5       0x2a src/main.o
 .debug_macro   0x00000cff       0x28 src/main.o
 .debug_macro   0x00000d27       0x3b src/main.o
 .debug_macro   0x00000d62       0x22 src/main.o
 .debug_macro   0x00000d84       0x44 src/main.o
 .debug_macro   0x00000dc8       0xfd src/main.o
 .debug_macro   0x00000ec5       0x22 src/main.o
 .debug_macro   0x00000ee7      0x1df src/main.o
 .debug_macro   0x000010c6       0x34 src/main.o
 .debug_macro   0x000010fa       0x26 src/main.o
 .debug_macro   0x00001120      0xe43 src/main.o
 .debug_macro   0x00001f63     0x8367 src/main.o
 .debug_macro   0x0000a2ca       0x43 src/main.o
 .debug_macro   0x0000a30d      0x11b src/main.o
 .debug_macro   0x0000a428     0x3203 src/main.o
 .debug_macro   0x0000d62b       0x58 src/main.o
 .debug_macro   0x0000d683       0x35 src/main.o
 .debug_macro   0x0000d6b8       0x9c src/main.o
 .debug_macro   0x0000d754       0x16 src/main.o
 .debug_macro   0x0000d76a       0x97 src/main.o
 .debug_macro   0x0000d801      0x329 src/main.o
 .debug_macro   0x0000db2a       0xfd src/main.o
 .debug_macro   0x0000dc27       0x10 src/main.o
 .debug_macro   0x0000dc37       0x52 src/main.o
 .debug_macro   0x0000dc89       0x16 src/main.o
 .debug_macro   0x0000dc9f       0x43 src/main.o
 .debug_macro   0x0000dce2      0x187 src/main.o
 .debug_macro   0x0000de69       0x10 src/main.o
 .debug_macro   0x0000de79       0x22 src/main.o
 .debug_macro   0x0000de9b       0x3a src/main.o
 .debug_macro   0x0000ded5       0x10 src/main.o
 .debug_macro   0x0000dee5       0x40 src/main.o
 .debug_macro   0x0000df25       0x65 src/main.o
 .debug_macro   0x0000df8a       0x16 src/main.o
 .debug_macro   0x0000dfa0      0x197 src/main.o
 .debug_macro   0x0000e137       0x50 src/main.o
 .debug_macro   0x0000e187      0x971 src/main.o
 .debug_macro   0x0000eaf8      0x5fe src/main.o
 .debug_macro   0x0000f0f6      0x13a src/main.o
 .debug_macro   0x0000f230      0x1fb src/main.o
 .debug_macro   0x0000f42b      0x1a7 src/main.o
 .debug_macro   0x0000f5d2       0x2a src/main.o
 .debug_macro   0x0000f5fc       0x3c src/main.o
 .debug_macro   0x0000f638      0x23a src/main.o
 .debug_macro   0x0000f872      0xa52 src/main.o
 .debug_macro   0x000102c4       0x77 src/main.o
 .debug_macro   0x0001033b      0x36e src/main.o
 .debug_macro   0x000106a9       0x65 src/main.o
 .debug_macro   0x0001070e      0x586 src/main.o
 .debug_macro   0x00010c94       0x12 src/main.o
 .debug_macro   0x00010ca6       0xc7 src/main.o
 .debug_macro   0x00010d6d       0x4d src/main.o
 .debug_macro   0x00010dba       0x12 src/main.o
 .debug_macro   0x00010dcc      0x189 src/main.o
 .debug_macro   0x00010f55       0x62 src/main.o
 .debug_macro   0x00010fb7       0xcb src/main.o
 .debug_macro   0x00011082      0x22b src/main.o
 .debug_macro   0x000112ad      0x1c9 src/main.o
 .debug_macro   0x00011476       0x4f src/main.o
 .debug_macro   0x000114c5       0x66 src/main.o
 .debug_macro   0x0001152b      0x1ca src/main.o
 .debug_macro   0x000116f5       0x41 src/main.o
 .debug_macro   0x00011736      0x256 src/main.o
 .debug_macro   0x0001198c       0x2a src/main.o
 .debug_macro   0x000119b6       0xab src/main.o
 .debug_macro   0x00011a61      0x17d src/main.o
 .debug_macro   0x00011bde       0x28 src/main.o
 .debug_macro   0x00011c06      0x265 src/main.o
 .debug_macro   0x00011e6b       0xd6 src/main.o
 .debug_macro   0x00011f41       0xd4 src/main.o
 .debug_macro   0x00012015      0x30c src/main.o
 .debug_macro   0x00012321      0x3e3 src/main.o
 .debug_macro   0x00012704       0xeb src/main.o
 .debug_macro   0x000127ef      0x38a src/main.o
 .debug_macro   0x00012b79       0x11 src/main.o
 .debug_macro   0x00012b8a      0x32c src/main.o
 .debug_macro   0x00012eb6      0x2e2 src/main.o
 .debug_macro   0x00013198      0x685 src/main.o
 .debug_macro   0x0001381d      0x37c src/main.o
 .debug_macro   0x00013b99      0x46a src/main.o
 .debug_macro   0x00014003      0x558 src/main.o
 .debug_macro   0x0001455b       0x2b src/main.o
 .debug_macro   0x00014586      0x24f src/main.o
 .debug_macro   0x000147d5       0x2b src/main.o
 .debug_macro   0x00014800       0x8d src/main.o
 .debug_macro   0x0001488d      0x26e src/main.o
 .debug_macro   0x00014afb      0x29e src/main.o
 .debug_macro   0x00014d99      0x435 src/stm32f3xx_it.o
 .debug_macro   0x000151ce      0x428 src/system_stm32f3xx.o
 .debug_macro   0x000155f6      0x446 F:\Users\Bernd\Onedrive\Schule\4. Jahrgang\SYT\workspace\stm32f3discovery_hal_lib\Debug\libstm32f3discovery_hal_lib.a(stm32f3xx_hal.o)
 .debug_macro   0x00015a3c      0x89e F:\Users\Bernd\Onedrive\Schule\4. Jahrgang\SYT\workspace\stm32f3discovery_hal_lib\Debug\libstm32f3discovery_hal_lib.a(stm32f3xx_hal.o)
 .debug_macro   0x000162da      0x422 F:\Users\Bernd\Onedrive\Schule\4. Jahrgang\SYT\workspace\stm32f3discovery_hal_lib\Debug\libstm32f3discovery_hal_lib.a(stm32f3xx_hal_cortex.o)
 .debug_macro   0x000166fc      0x45a F:\Users\Bernd\Onedrive\Schule\4. Jahrgang\SYT\workspace\stm32f3discovery_hal_lib\Debug\libstm32f3discovery_hal_lib.a(stm32f3xx_hal_gpio.o)
 .debug_macro   0x00016b56      0x434 F:\Users\Bernd\Onedrive\Schule\4. Jahrgang\SYT\workspace\stm32f3discovery_hal_lib\Debug\libstm32f3discovery_hal_lib.a(stm32f3xx_hal_rcc.o)
 .debug_macro   0x00016f8a      0x44f F:\Users\Bernd\Onedrive\Schule\4. Jahrgang\SYT\workspace\stm32f3discovery_hal_lib\Debug\libstm32f3discovery_hal_lib.a(stm32f3_discovery.o)
 .debug_macro   0x000173d9      0x298 F:\Users\Bernd\Onedrive\Schule\4. Jahrgang\SYT\workspace\stm32f3discovery_hal_lib\Debug\libstm32f3discovery_hal_lib.a(stm32f3_discovery.o)

.debug_line     0x00000000     0x6e60
 .debug_line    0x00000000      0xbb9 src/main.o
 .debug_line    0x00000bb9      0xbaf src/stm32f3xx_it.o
 .debug_line    0x00001768      0xaf9 src/system_stm32f3xx.o
 .debug_line    0x00002261       0x7f startup/startup_stm32f303xc.o
 .debug_line    0x000022e0      0xc27 F:\Users\Bernd\Onedrive\Schule\4. Jahrgang\SYT\workspace\stm32f3discovery_hal_lib\Debug\libstm32f3discovery_hal_lib.a(stm32f3xx_hal.o)
 .debug_line    0x00002f07      0xda3 F:\Users\Bernd\Onedrive\Schule\4. Jahrgang\SYT\workspace\stm32f3discovery_hal_lib\Debug\libstm32f3discovery_hal_lib.a(stm32f3xx_hal_cortex.o)
 .debug_line    0x00003caa      0xc56 F:\Users\Bernd\Onedrive\Schule\4. Jahrgang\SYT\workspace\stm32f3discovery_hal_lib\Debug\libstm32f3discovery_hal_lib.a(stm32f3xx_hal_gpio.o)
 .debug_line    0x00004900     0x1809 F:\Users\Bernd\Onedrive\Schule\4. Jahrgang\SYT\workspace\stm32f3discovery_hal_lib\Debug\libstm32f3discovery_hal_lib.a(stm32f3xx_hal_rcc.o)
 .debug_line    0x00006109      0xd57 F:\Users\Bernd\Onedrive\Schule\4. Jahrgang\SYT\workspace\stm32f3discovery_hal_lib\Debug\libstm32f3discovery_hal_lib.a(stm32f3_discovery.o)

.debug_str      0x00000000    0xa1ada
 .debug_str     0x00000000    0xa03fa src/main.o
                              0xa07dd (size before relaxing)
 .debug_str     0x000a03fa       0x49 src/stm32f3xx_it.o
                              0xa01a0 (size before relaxing)
 .debug_str     0x000a0443       0xe6 src/system_stm32f3xx.o
                              0x9f05a (size before relaxing)
 .debug_str     0x000a0529      0x32f F:\Users\Bernd\Onedrive\Schule\4. Jahrgang\SYT\workspace\stm32f3discovery_hal_lib\Debug\libstm32f3discovery_hal_lib.a(stm32f3xx_hal.o)
                              0x9f735 (size before relaxing)
 .debug_str     0x000a0858      0x377 F:\Users\Bernd\Onedrive\Schule\4. Jahrgang\SYT\workspace\stm32f3discovery_hal_lib\Debug\libstm32f3discovery_hal_lib.a(stm32f3xx_hal_cortex.o)
                              0x9f880 (size before relaxing)
 .debug_str     0x000a0bcf      0x250 F:\Users\Bernd\Onedrive\Schule\4. Jahrgang\SYT\workspace\stm32f3discovery_hal_lib\Debug\libstm32f3discovery_hal_lib.a(stm32f3xx_hal_gpio.o)
                              0x9f2c8 (size before relaxing)
 .debug_str     0x000a0e1f      0x338 F:\Users\Bernd\Onedrive\Schule\4. Jahrgang\SYT\workspace\stm32f3discovery_hal_lib\Debug\libstm32f3discovery_hal_lib.a(stm32f3xx_hal_rcc.o)
                              0x9f3de (size before relaxing)
 .debug_str     0x000a1157      0x983 F:\Users\Bernd\Onedrive\Schule\4. Jahrgang\SYT\workspace\stm32f3discovery_hal_lib\Debug\libstm32f3discovery_hal_lib.a(stm32f3_discovery.o)
                              0xa113f (size before relaxing)

.comment        0x00000000       0x6e
 .comment       0x00000000       0x6e src/main.o
                                 0x6f (size before relaxing)
 .comment       0x0000006e       0x6f src/stm32f3xx_it.o
 .comment       0x0000006e       0x6f src/system_stm32f3xx.o
 .comment       0x0000006e       0x6f F:\Users\Bernd\Onedrive\Schule\4. Jahrgang\SYT\workspace\stm32f3discovery_hal_lib\Debug\libstm32f3discovery_hal_lib.a(stm32f3xx_hal.o)
 .comment       0x0000006e       0x6f F:\Users\Bernd\Onedrive\Schule\4. Jahrgang\SYT\workspace\stm32f3discovery_hal_lib\Debug\libstm32f3discovery_hal_lib.a(stm32f3xx_hal_cortex.o)
 .comment       0x0000006e       0x6f F:\Users\Bernd\Onedrive\Schule\4. Jahrgang\SYT\workspace\stm32f3discovery_hal_lib\Debug\libstm32f3discovery_hal_lib.a(stm32f3xx_hal_gpio.o)
 .comment       0x0000006e       0x6f F:\Users\Bernd\Onedrive\Schule\4. Jahrgang\SYT\workspace\stm32f3discovery_hal_lib\Debug\libstm32f3discovery_hal_lib.a(stm32f3xx_hal_rcc.o)
 .comment       0x0000006e       0x6f F:\Users\Bernd\Onedrive\Schule\4. Jahrgang\SYT\workspace\stm32f3discovery_hal_lib\Debug\libstm32f3discovery_hal_lib.a(stm32f3_discovery.o)

.debug_frame    0x00000000      0xfdc
 .debug_frame   0x00000000       0xf0 src/main.o
 .debug_frame   0x000000f0       0x48 src/stm32f3xx_it.o
 .debug_frame   0x00000138       0x58 src/system_stm32f3xx.o
 .debug_frame   0x00000190      0x270 F:\Users\Bernd\Onedrive\Schule\4. Jahrgang\SYT\workspace\stm32f3discovery_hal_lib\Debug\libstm32f3discovery_hal_lib.a(stm32f3xx_hal.o)
 .debug_frame   0x00000400      0x450 F:\Users\Bernd\Onedrive\Schule\4. Jahrgang\SYT\workspace\stm32f3discovery_hal_lib\Debug\libstm32f3discovery_hal_lib.a(stm32f3xx_hal_cortex.o)
 .debug_frame   0x00000850      0x14c F:\Users\Bernd\Onedrive\Schule\4. Jahrgang\SYT\workspace\stm32f3discovery_hal_lib\Debug\libstm32f3discovery_hal_lib.a(stm32f3xx_hal_gpio.o)
 .debug_frame   0x0000099c      0x214 F:\Users\Bernd\Onedrive\Schule\4. Jahrgang\SYT\workspace\stm32f3discovery_hal_lib\Debug\libstm32f3discovery_hal_lib.a(stm32f3xx_hal_rcc.o)
 .debug_frame   0x00000bb0      0x328 F:\Users\Bernd\Onedrive\Schule\4. Jahrgang\SYT\workspace\stm32f3discovery_hal_lib\Debug\libstm32f3discovery_hal_lib.a(stm32f3_discovery.o)
 .debug_frame   0x00000ed8       0x2c f:/ac6/systemworkbench/plugins/fr.ac6.mcu.externaltools.arm-none.win32_1.7.0.201602121829/tools/compiler/bin/../lib/gcc/arm-none-eabi/5.2.1/../../../../arm-none-eabi/lib/armv7e-m\libc.a(lib_a-init.o)
 .debug_frame   0x00000f04       0x50 f:/ac6/systemworkbench/plugins/fr.ac6.mcu.externaltools.arm-none.win32_1.7.0.201602121829/tools/compiler/bin/../lib/gcc/arm-none-eabi/5.2.1/../../../../arm-none-eabi/lib/armv7e-m\libc.a(lib_a-__call_atexit.o)
 .debug_frame   0x00000f54       0x20 f:/ac6/systemworkbench/plugins/fr.ac6.mcu.externaltools.arm-none.win32_1.7.0.201602121829/tools/compiler/bin/../lib/gcc/arm-none-eabi/5.2.1/../../../../arm-none-eabi/lib/armv7e-m\libc.a(lib_a-atexit.o)
 .debug_frame   0x00000f74       0x34 f:/ac6/systemworkbench/plugins/fr.ac6.mcu.externaltools.arm-none.win32_1.7.0.201602121829/tools/compiler/bin/../lib/gcc/arm-none-eabi/5.2.1/../../../../arm-none-eabi/lib/armv7e-m\libc.a(lib_a-fini.o)
 .debug_frame   0x00000fa8       0x34 f:/ac6/systemworkbench/plugins/fr.ac6.mcu.externaltools.arm-none.win32_1.7.0.201602121829/tools/compiler/bin/../lib/gcc/arm-none-eabi/5.2.1/../../../../arm-none-eabi/lib/armv7e-m\libc.a(lib_a-__atexit.o)
