Archive member included to satisfy reference by file (symbol)

F:\Users\Bernd\Onedrive\Schule\4. Jahrgang\SYT\workspace\stm32f3discovery_hal_lib\Debug\libstm32f3discovery_hal_lib.a(stm32f3xx_hal.o)
                              src/main.o (HAL_Init)
F:\Users\Bernd\Onedrive\Schule\4. Jahrgang\SYT\workspace\stm32f3discovery_hal_lib\Debug\libstm32f3discovery_hal_lib.a(stm32f3xx_hal_cortex.o)
                              F:\Users\Bernd\Onedrive\Schule\4. Jahrgang\SYT\workspace\stm32f3discovery_hal_lib\Debug\libstm32f3discovery_hal_lib.a(stm32f3xx_hal.o) (HAL_NVIC_SetPriorityGrouping)
F:\Users\Bernd\Onedrive\Schule\4. Jahrgang\SYT\workspace\stm32f3discovery_hal_lib\Debug\libstm32f3discovery_hal_lib.a(stm32f3xx_hal_gpio.o)
                              src/main.o (HAL_GPIO_Init)
F:\Users\Bernd\Onedrive\Schule\4. Jahrgang\SYT\workspace\stm32f3discovery_hal_lib\Debug\libstm32f3discovery_hal_lib.a(stm32f3xx_hal_rcc.o)
                              src/main.o (HAL_RCC_OscConfig)
f:/ac6/systemworkbench/plugins/fr.ac6.mcu.externaltools.arm-none.win32_1.7.0.201602121829/tools/compiler/bin/../lib/gcc/arm-none-eabi/5.2.1/../../../../arm-none-eabi/lib/armv7e-m\libc.a(lib_a-errno.o)
                              src/syscalls.o (__errno)
f:/ac6/systemworkbench/plugins/fr.ac6.mcu.externaltools.arm-none.win32_1.7.0.201602121829/tools/compiler/bin/../lib/gcc/arm-none-eabi/5.2.1/../../../../arm-none-eabi/lib/armv7e-m\libc.a(lib_a-exit.o)
                              f:/ac6/systemworkbench/plugins/fr.ac6.mcu.externaltools.arm-none.win32_1.7.0.201602121829/tools/compiler/bin/../lib/gcc/arm-none-eabi/5.2.1/../../../../arm-none-eabi/lib/armv7e-m/crt0.o (exit)
f:/ac6/systemworkbench/plugins/fr.ac6.mcu.externaltools.arm-none.win32_1.7.0.201602121829/tools/compiler/bin/../lib/gcc/arm-none-eabi/5.2.1/../../../../arm-none-eabi/lib/armv7e-m\libc.a(lib_a-impure.o)
                              f:/ac6/systemworkbench/plugins/fr.ac6.mcu.externaltools.arm-none.win32_1.7.0.201602121829/tools/compiler/bin/../lib/gcc/arm-none-eabi/5.2.1/../../../../arm-none-eabi/lib/armv7e-m\libc.a(lib_a-exit.o) (_global_impure_ptr)
f:/ac6/systemworkbench/plugins/fr.ac6.mcu.externaltools.arm-none.win32_1.7.0.201602121829/tools/compiler/bin/../lib/gcc/arm-none-eabi/5.2.1/../../../../arm-none-eabi/lib/armv7e-m\libc.a(lib_a-init.o)
                              f:/ac6/systemworkbench/plugins/fr.ac6.mcu.externaltools.arm-none.win32_1.7.0.201602121829/tools/compiler/bin/../lib/gcc/arm-none-eabi/5.2.1/../../../../arm-none-eabi/lib/armv7e-m/crt0.o (__libc_init_array)
f:/ac6/systemworkbench/plugins/fr.ac6.mcu.externaltools.arm-none.win32_1.7.0.201602121829/tools/compiler/bin/../lib/gcc/arm-none-eabi/5.2.1/../../../../arm-none-eabi/lib/armv7e-m\libc.a(lib_a-memset.o)
                              f:/ac6/systemworkbench/plugins/fr.ac6.mcu.externaltools.arm-none.win32_1.7.0.201602121829/tools/compiler/bin/../lib/gcc/arm-none-eabi/5.2.1/../../../../arm-none-eabi/lib/armv7e-m/crt0.o (memset)
f:/ac6/systemworkbench/plugins/fr.ac6.mcu.externaltools.arm-none.win32_1.7.0.201602121829/tools/compiler/bin/../lib/gcc/arm-none-eabi/5.2.1/../../../../arm-none-eabi/lib/armv7e-m\libc.a(lib_a-__call_atexit.o)
                              f:/ac6/systemworkbench/plugins/fr.ac6.mcu.externaltools.arm-none.win32_1.7.0.201602121829/tools/compiler/bin/../lib/gcc/arm-none-eabi/5.2.1/../../../../arm-none-eabi/lib/armv7e-m\libc.a(lib_a-exit.o) (__call_exitprocs)
f:/ac6/systemworkbench/plugins/fr.ac6.mcu.externaltools.arm-none.win32_1.7.0.201602121829/tools/compiler/bin/../lib/gcc/arm-none-eabi/5.2.1/../../../../arm-none-eabi/lib/armv7e-m\libc.a(lib_a-atexit.o)
                              f:/ac6/systemworkbench/plugins/fr.ac6.mcu.externaltools.arm-none.win32_1.7.0.201602121829/tools/compiler/bin/../lib/gcc/arm-none-eabi/5.2.1/../../../../arm-none-eabi/lib/armv7e-m\libc.a(lib_a-__call_atexit.o) (atexit)
f:/ac6/systemworkbench/plugins/fr.ac6.mcu.externaltools.arm-none.win32_1.7.0.201602121829/tools/compiler/bin/../lib/gcc/arm-none-eabi/5.2.1/../../../../arm-none-eabi/lib/armv7e-m\libc.a(lib_a-fini.o)
                              f:/ac6/systemworkbench/plugins/fr.ac6.mcu.externaltools.arm-none.win32_1.7.0.201602121829/tools/compiler/bin/../lib/gcc/arm-none-eabi/5.2.1/../../../../arm-none-eabi/lib/armv7e-m\libc.a(lib_a-__call_atexit.o) (__libc_fini_array)
f:/ac6/systemworkbench/plugins/fr.ac6.mcu.externaltools.arm-none.win32_1.7.0.201602121829/tools/compiler/bin/../lib/gcc/arm-none-eabi/5.2.1/../../../../arm-none-eabi/lib/armv7e-m\libc.a(lib_a-__atexit.o)
                              f:/ac6/systemworkbench/plugins/fr.ac6.mcu.externaltools.arm-none.win32_1.7.0.201602121829/tools/compiler/bin/../lib/gcc/arm-none-eabi/5.2.1/../../../../arm-none-eabi/lib/armv7e-m\libc.a(lib_a-atexit.o) (__register_exitproc)

Allocating common symbols
Common symbol       size              file

GPIO_InitStruct     0x14              src/main.o

Discarded input sections

[...]
Memory Configuration

Name             Origin             Length             Attributes
FLASH            0x08000000         0x00040000         xr
RAM              0x20000000         0x0000a000         xrw
CCMRAM           0x10000000         0x00002000         rw
*default*        0x00000000         0xffffffff

Linker script and memory map

LOAD f:/ac6/systemworkbench/plugins/fr.ac6.mcu.externaltools.arm-none.win32_1.7.0.201602121829/tools/compiler/bin/../lib/gcc/arm-none-eabi/5.2.1/armv7e-m/crti.o
LOAD f:/ac6/systemworkbench/plugins/fr.ac6.mcu.externaltools.arm-none.win32_1.7.0.201602121829/tools/compiler/bin/../lib/gcc/arm-none-eabi/5.2.1/armv7e-m/crtbegin.o
LOAD f:/ac6/systemworkbench/plugins/fr.ac6.mcu.externaltools.arm-none.win32_1.7.0.201602121829/tools/compiler/bin/../lib/gcc/arm-none-eabi/5.2.1/../../../../arm-none-eabi/lib/armv7e-m/crt0.o
LOAD f:/ac6/systemworkbench/plugins/fr.ac6.mcu.externaltools.arm-none.win32_1.7.0.201602121829/tools/compiler/bin/../lib/gcc/arm-none-eabi/5.2.1/../../../../arm-none-eabi/lib/armv7e-m\libm.a
LOAD src/main.o
LOAD src/stm32f3xx_it.o
LOAD src/syscalls.o
LOAD src/system_stm32f3xx.o
LOAD startup/startup_stm32f303xc.o
LOAD F:\Users\Bernd\Onedrive\Schule\4. Jahrgang\SYT\workspace\stm32f3discovery_hal_lib\Debug\libstm32f3discovery_hal_lib.a
START GROUP
LOAD f:/ac6/systemworkbench/plugins/fr.ac6.mcu.externaltools.arm-none.win32_1.7.0.201602121829/tools/compiler/bin/../lib/gcc/arm-none-eabi/5.2.1/armv7e-m\libgcc.a
LOAD f:/ac6/systemworkbench/plugins/fr.ac6.mcu.externaltools.arm-none.win32_1.7.0.201602121829/tools/compiler/bin/../lib/gcc/arm-none-eabi/5.2.1/../../../../arm-none-eabi/lib/armv7e-m\libc.a
END GROUP
LOAD f:/ac6/systemworkbench/plugins/fr.ac6.mcu.externaltools.arm-none.win32_1.7.0.201602121829/tools/compiler/bin/../lib/gcc/arm-none-eabi/5.2.1/armv7e-m/crtend.o
LOAD f:/ac6/systemworkbench/plugins/fr.ac6.mcu.externaltools.arm-none.win32_1.7.0.201602121829/tools/compiler/bin/../lib/gcc/arm-none-eabi/5.2.1/armv7e-m/crtn.o
                0x2000a000                _estack = 0x2000a000
                0x00000200                _Min_Heap_Size = 0x200
                0x00000400                _Min_Stack_Size = 0x400

.isr_vector     0x08000000      0x188
                0x08000000                . = ALIGN (0x4)
 *(.isr_vector)
 .isr_vector    0x08000000      0x188 startup/startup_stm32f303xc.o
                0x08000000                g_pfnVectors
                0x08000188                . = ALIGN (0x4)

.text           0x08000188     0x2638
                0x08000188                . = ALIGN (0x4)
 *(.text)
 .text          0x08000188       0xa4 f:/ac6/systemworkbench/plugins/fr.ac6.mcu.externaltools.arm-none.win32_1.7.0.201602121829/tools/compiler/bin/../lib/gcc/arm-none-eabi/5.2.1/armv7e-m/crtbegin.o
 *(.text*)
 .text.InitializeSystemClock
                0x0800022c       0x7c src/main.o
                0x0800022c                InitializeSystemClock
 .text.InitializeLEDs
                0x080002a8       0x60 src/main.o
                0x080002a8                InitializeLEDs
 .text.InitializeButton
                0x08000308       0x4c src/main.o
                0x08000308                InitializeButton
 .text.main     0x08000354       0x44 src/main.o
                0x08000354                main
 .text.SysTick_Handler
                0x08000398       0x10 src/stm32f3xx_it.o
                0x08000398                SysTick_Handler
 .text.SystemInit
                0x080003a8       0x84 src/system_stm32f3xx.o
                0x080003a8                SystemInit
 .text.Reset_Handler
                0x0800042c       0x50 startup/startup_stm32f303xc.o
                0x0800042c                Reset_Handler
 .text.Default_Handler
                0x0800047c        0x2 startup/startup_stm32f303xc.o
                0x0800047c                RTC_Alarm_IRQHandler
                0x0800047c                TIM8_TRG_COM_IRQHandler
                0x0800047c                TIM8_CC_IRQHandler
                0x0800047c                DebugMon_Handler
                0x0800047c                TIM1_CC_IRQHandler
                0x0800047c                HardFault_Handler
                0x0800047c                USB_HP_IRQHandler
                0x0800047c                PVD_IRQHandler
                0x0800047c                TAMP_STAMP_IRQHandler
                0x0800047c                PendSV_Handler
                0x0800047c                NMI_Handler
                0x0800047c                EXTI3_IRQHandler
                0x0800047c                USB_HP_CAN_TX_IRQHandler
                0x0800047c                EXTI0_IRQHandler
                0x0800047c                I2C2_EV_IRQHandler
                0x0800047c                FPU_IRQHandler
                0x0800047c                TIM1_UP_TIM16_IRQHandler
                0x0800047c                UsageFault_Handler
                0x0800047c                ADC1_2_IRQHandler
                0x0800047c                SPI1_IRQHandler
                0x0800047c                CAN_SCE_IRQHandler
                0x0800047c                TIM6_DAC_IRQHandler
                0x0800047c                TIM8_UP_IRQHandler
                0x0800047c                DMA2_Channel2_IRQHandler
                0x0800047c                DMA1_Channel4_IRQHandler
                0x0800047c                USART3_IRQHandler
                0x0800047c                DMA1_Channel7_IRQHandler
                0x0800047c                UART5_IRQHandler
                0x0800047c                ADC3_IRQHandler
                0x0800047c                TIM4_IRQHandler
                0x0800047c                CAN_RX1_IRQHandler
                0x0800047c                DMA2_Channel1_IRQHandler
                0x0800047c                I2C1_EV_IRQHandler
                0x0800047c                DMA1_Channel6_IRQHandler
                0x0800047c                UART4_IRQHandler
                0x0800047c                DMA2_Channel4_IRQHandler
                0x0800047c                TIM3_IRQHandler
                0x0800047c                RCC_IRQHandler
                0x0800047c                DMA1_Channel1_IRQHandler
                0x0800047c                Default_Handler
                0x0800047c                USBWakeUp_RMP_IRQHandler
                0x0800047c                EXTI15_10_IRQHandler
                0x0800047c                TIM7_IRQHandler
                0x0800047c                EXTI9_5_IRQHandler
                0x0800047c                RTC_WKUP_IRQHandler
                0x0800047c                SPI2_IRQHandler
                0x0800047c                USB_LP_CAN_RX0_IRQHandler
                0x0800047c                MemManage_Handler
                0x0800047c                SVC_Handler
                0x0800047c                DMA2_Channel5_IRQHandler
                0x0800047c                DMA1_Channel5_IRQHandler
                0x0800047c                USB_LP_IRQHandler
                0x0800047c                EXTI4_IRQHandler
                0x0800047c                TIM1_TRG_COM_TIM17_IRQHandler
                0x0800047c                DMA1_Channel3_IRQHandler
                0x0800047c                ADC4_IRQHandler
                0x0800047c                WWDG_IRQHandler
                0x0800047c                TIM2_IRQHandler
                0x0800047c                COMP7_IRQHandler
                0x0800047c                COMP1_2_3_IRQHandler
                0x0800047c                EXTI1_IRQHandler
                0x0800047c                USART2_IRQHandler
                0x0800047c                COMP4_5_6_IRQHandler
                0x0800047c                I2C2_ER_IRQHandler
                0x0800047c                DMA1_Channel2_IRQHandler
                0x0800047c                TIM8_BRK_IRQHandler
                0x0800047c                FLASH_IRQHandler
                0x0800047c                BusFault_Handler
                0x0800047c                USART1_IRQHandler
                0x0800047c                SPI3_IRQHandler
                0x0800047c                I2C1_ER_IRQHandler
                0x0800047c                USBWakeUp_IRQHandler
                0x0800047c                DMA2_Channel3_IRQHandler
                0x0800047c                EXTI2_TSC_IRQHandler
                0x0800047c                TIM1_BRK_TIM15_IRQHandler
 *fill*         0x0800047e        0x2 
 .text.HAL_Init
                0x08000480       0x2c F:\Users\Bernd\Onedrive\Schule\4. Jahrgang\SYT\workspace\stm32f3discovery_hal_lib\Debug\libstm32f3discovery_hal_lib.a(stm32f3xx_hal.o)
                0x08000480                HAL_Init
 .text.HAL_MspInit
                0x080004ac        0xc F:\Users\Bernd\Onedrive\Schule\4. Jahrgang\SYT\workspace\stm32f3discovery_hal_lib\Debug\libstm32f3discovery_hal_lib.a(stm32f3xx_hal.o)
                0x080004ac                HAL_MspInit
 .text.HAL_InitTick
                0x080004b8       0x38 F:\Users\Bernd\Onedrive\Schule\4. Jahrgang\SYT\workspace\stm32f3discovery_hal_lib\Debug\libstm32f3discovery_hal_lib.a(stm32f3xx_hal.o)
                0x080004b8                HAL_InitTick
 .text.HAL_IncTick
                0x080004f0       0x1c F:\Users\Bernd\Onedrive\Schule\4. Jahrgang\SYT\workspace\stm32f3discovery_hal_lib\Debug\libstm32f3discovery_hal_lib.a(stm32f3xx_hal.o)
                0x080004f0                HAL_IncTick
 .text.HAL_GetTick
                0x0800050c       0x14 F:\Users\Bernd\Onedrive\Schule\4. Jahrgang\SYT\workspace\stm32f3discovery_hal_lib\Debug\libstm32f3discovery_hal_lib.a(stm32f3xx_hal.o)
                0x0800050c                HAL_GetTick
 .text.NVIC_SetPriorityGrouping
                0x08000520       0x48 F:\Users\Bernd\Onedrive\Schule\4. Jahrgang\SYT\workspace\stm32f3discovery_hal_lib\Debug\libstm32f3discovery_hal_lib.a(stm32f3xx_hal_cortex.o)
 .text.NVIC_GetPriorityGrouping
                0x08000568       0x1c F:\Users\Bernd\Onedrive\Schule\4. Jahrgang\SYT\workspace\stm32f3discovery_hal_lib\Debug\libstm32f3discovery_hal_lib.a(stm32f3xx_hal_cortex.o)
 .text.NVIC_SetPriority
                0x08000584       0x54 F:\Users\Bernd\Onedrive\Schule\4. Jahrgang\SYT\workspace\stm32f3discovery_hal_lib\Debug\libstm32f3discovery_hal_lib.a(stm32f3xx_hal_cortex.o)
 .text.NVIC_EncodePriority
                0x080005d8       0x60 F:\Users\Bernd\Onedrive\Schule\4. Jahrgang\SYT\workspace\stm32f3discovery_hal_lib\Debug\libstm32f3discovery_hal_lib.a(stm32f3xx_hal_cortex.o)
 .text.SysTick_Config
                0x08000638       0x44 F:\Users\Bernd\Onedrive\Schule\4. Jahrgang\SYT\workspace\stm32f3discovery_hal_lib\Debug\libstm32f3discovery_hal_lib.a(stm32f3xx_hal_cortex.o)
 .text.HAL_NVIC_SetPriorityGrouping
                0x0800067c       0x18 F:\Users\Bernd\Onedrive\Schule\4. Jahrgang\SYT\workspace\stm32f3discovery_hal_lib\Debug\libstm32f3discovery_hal_lib.a(stm32f3xx_hal_cortex.o)
                0x0800067c                HAL_NVIC_SetPriorityGrouping
 .text.HAL_NVIC_SetPriority
                0x08000694       0x38 F:\Users\Bernd\Onedrive\Schule\4. Jahrgang\SYT\workspace\stm32f3discovery_hal_lib\Debug\libstm32f3discovery_hal_lib.a(stm32f3xx_hal_cortex.o)
                0x08000694                HAL_NVIC_SetPriority
 .text.HAL_SYSTICK_Config
                0x080006cc       0x18 F:\Users\Bernd\Onedrive\Schule\4. Jahrgang\SYT\workspace\stm32f3discovery_hal_lib\Debug\libstm32f3discovery_hal_lib.a(stm32f3xx_hal_cortex.o)
                0x080006cc                HAL_SYSTICK_Config
 .text.HAL_SYSTICK_CLKSourceConfig
                0x080006e4       0x38 F:\Users\Bernd\Onedrive\Schule\4. Jahrgang\SYT\workspace\stm32f3discovery_hal_lib\Debug\libstm32f3discovery_hal_lib.a(stm32f3xx_hal_cortex.o)
                0x080006e4                HAL_SYSTICK_CLKSourceConfig
 .text.HAL_SYSTICK_IRQHandler
                0x0800071c        0xc F:\Users\Bernd\Onedrive\Schule\4. Jahrgang\SYT\workspace\stm32f3discovery_hal_lib\Debug\libstm32f3discovery_hal_lib.a(stm32f3xx_hal_cortex.o)
                0x0800071c                HAL_SYSTICK_IRQHandler
 .text.HAL_SYSTICK_Callback
                0x08000728        0xc F:\Users\Bernd\Onedrive\Schule\4. Jahrgang\SYT\workspace\stm32f3discovery_hal_lib\Debug\libstm32f3discovery_hal_lib.a(stm32f3xx_hal_cortex.o)
                0x08000728                HAL_SYSTICK_Callback
 .text.HAL_GPIO_Init
                0x08000734      0x2f8 F:\Users\Bernd\Onedrive\Schule\4. Jahrgang\SYT\workspace\stm32f3discovery_hal_lib\Debug\libstm32f3discovery_hal_lib.a(stm32f3xx_hal_gpio.o)
                0x08000734                HAL_GPIO_Init
 .text.HAL_GPIO_ReadPin
                0x08000a2c       0x30 F:\Users\Bernd\Onedrive\Schule\4. Jahrgang\SYT\workspace\stm32f3discovery_hal_lib\Debug\libstm32f3discovery_hal_lib.a(stm32f3xx_hal_gpio.o)
                0x08000a2c                HAL_GPIO_ReadPin
 .text.HAL_GPIO_WritePin
                0x08000a5c       0x30 F:\Users\Bernd\Onedrive\Schule\4. Jahrgang\SYT\workspace\stm32f3discovery_hal_lib\Debug\libstm32f3discovery_hal_lib.a(stm32f3xx_hal_gpio.o)
                0x08000a5c                HAL_GPIO_WritePin
 .text.HAL_RCC_OscConfig
                0x08000a8c     0x13b0 F:\Users\Bernd\Onedrive\Schule\4. Jahrgang\SYT\workspace\stm32f3discovery_hal_lib\Debug\libstm32f3discovery_hal_lib.a(stm32f3xx_hal_rcc.o)
                0x08000a8c                HAL_RCC_OscConfig
 .text.HAL_RCC_ClockConfig
                0x08001e3c      0x710 F:\Users\Bernd\Onedrive\Schule\4. Jahrgang\SYT\workspace\stm32f3discovery_hal_lib\Debug\libstm32f3discovery_hal_lib.a(stm32f3xx_hal_rcc.o)
                0x08001e3c                HAL_RCC_ClockConfig
 .text.HAL_RCC_GetSysClockFreq
                0x0800254c       0xd0 F:\Users\Bernd\Onedrive\Schule\4. Jahrgang\SYT\workspace\stm32f3discovery_hal_lib\Debug\libstm32f3discovery_hal_lib.a(stm32f3xx_hal_rcc.o)
                0x0800254c                HAL_RCC_GetSysClockFreq
 .text.HAL_RCC_GetHCLKFreq
                0x0800261c       0x50 F:\Users\Bernd\Onedrive\Schule\4. Jahrgang\SYT\workspace\stm32f3discovery_hal_lib\Debug\libstm32f3discovery_hal_lib.a(stm32f3xx_hal_rcc.o)
                0x0800261c                HAL_RCC_GetHCLKFreq
 .text.__libc_init_array
                0x0800266c       0x50 f:/ac6/systemworkbench/plugins/fr.ac6.mcu.externaltools.arm-none.win32_1.7.0.201602121829/tools/compiler/bin/../lib/gcc/arm-none-eabi/5.2.1/../../../../arm-none-eabi/lib/armv7e-m\libc.a(lib_a-init.o)
                0x0800266c                __libc_init_array
 .text.startup.register_fini
                0x080026bc       0x14 f:/ac6/systemworkbench/plugins/fr.ac6.mcu.externaltools.arm-none.win32_1.7.0.201602121829/tools/compiler/bin/../lib/gcc/arm-none-eabi/5.2.1/../../../../arm-none-eabi/lib/armv7e-m\libc.a(lib_a-__call_atexit.o)
 .text.atexit   0x080026d0        0xc f:/ac6/systemworkbench/plugins/fr.ac6.mcu.externaltools.arm-none.win32_1.7.0.201602121829/tools/compiler/bin/../lib/gcc/arm-none-eabi/5.2.1/../../../../arm-none-eabi/lib/armv7e-m\libc.a(lib_a-atexit.o)
                0x080026d0                atexit
 .text.__libc_fini_array
                0x080026dc       0x28 f:/ac6/systemworkbench/plugins/fr.ac6.mcu.externaltools.arm-none.win32_1.7.0.201602121829/tools/compiler/bin/../lib/gcc/arm-none-eabi/5.2.1/../../../../arm-none-eabi/lib/armv7e-m\libc.a(lib_a-fini.o)
                0x080026dc                __libc_fini_array
 .text.__register_exitproc
                0x08002704       0xa4 f:/ac6/systemworkbench/plugins/fr.ac6.mcu.externaltools.arm-none.win32_1.7.0.201602121829/tools/compiler/bin/../lib/gcc/arm-none-eabi/5.2.1/../../../../arm-none-eabi/lib/armv7e-m\libc.a(lib_a-__atexit.o)
                0x08002704                __register_exitproc
 *(.glue_7)
 .glue_7        0x080027a8        0x0 linker stubs
 *(.glue_7t)
 .glue_7t       0x080027a8        0x0 linker stubs
 *(.eh_frame)
 .eh_frame      0x080027a8        0x0 f:/ac6/systemworkbench/plugins/fr.ac6.mcu.externaltools.arm-none.win32_1.7.0.201602121829/tools/compiler/bin/../lib/gcc/arm-none-eabi/5.2.1/armv7e-m/crtbegin.o
 *(.init)
 .init          0x080027a8        0x4 f:/ac6/systemworkbench/plugins/fr.ac6.mcu.externaltools.arm-none.win32_1.7.0.201602121829/tools/compiler/bin/../lib/gcc/arm-none-eabi/5.2.1/armv7e-m/crti.o
                0x080027a8                _init
 .init          0x080027ac        0x8 f:/ac6/systemworkbench/plugins/fr.ac6.mcu.externaltools.arm-none.win32_1.7.0.201602121829/tools/compiler/bin/../lib/gcc/arm-none-eabi/5.2.1/armv7e-m/crtn.o
 *(.fini)
 .fini          0x080027b4        0x4 f:/ac6/systemworkbench/plugins/fr.ac6.mcu.externaltools.arm-none.win32_1.7.0.201602121829/tools/compiler/bin/../lib/gcc/arm-none-eabi/5.2.1/armv7e-m/crti.o
                0x080027b4                _fini
 .fini          0x080027b8        0x8 f:/ac6/systemworkbench/plugins/fr.ac6.mcu.externaltools.arm-none.win32_1.7.0.201602121829/tools/compiler/bin/../lib/gcc/arm-none-eabi/5.2.1/armv7e-m/crtn.o
                0x080027c0                . = ALIGN (0x4)
                0x080027c0                _etext = .

.vfp11_veneer   0x080027c0        0x0
 .vfp11_veneer  0x080027c0        0x0 linker stubs

.v4_bx          0x080027c0        0x0
 .v4_bx         0x080027c0        0x0 linker stubs

.iplt           0x080027c0        0x0
 .iplt          0x080027c0        0x0 f:/ac6/systemworkbench/plugins/fr.ac6.mcu.externaltools.arm-none.win32_1.7.0.201602121829/tools/compiler/bin/../lib/gcc/arm-none-eabi/5.2.1/armv7e-m/crtbegin.o

.rodata         0x080027c0       0x38
                0x080027c0                . = ALIGN (0x4)
 *(.rodata)
 .rodata        0x080027c0       0x30 F:\Users\Bernd\Onedrive\Schule\4. Jahrgang\SYT\workspace\stm32f3discovery_hal_lib\Debug\libstm32f3discovery_hal_lib.a(stm32f3xx_hal_rcc.o)
                0x080027c0                aAPBAHBPrescTable
                0x080027d0                aPLLMULFactorTable
                0x080027e0                aPredivFactorTable
 *(.rodata*)
 .rodata.str1.4
                0x080027f0        0x4 f:/ac6/systemworkbench/plugins/fr.ac6.mcu.externaltools.arm-none.win32_1.7.0.201602121829/tools/compiler/bin/../lib/gcc/arm-none-eabi/5.2.1/../../../../arm-none-eabi/lib/armv7e-m\libc.a(lib_a-impure.o)
                                  0x2 (size before relaxing)
 .rodata._global_impure_ptr
                0x080027f4        0x4 f:/ac6/systemworkbench/plugins/fr.ac6.mcu.externaltools.arm-none.win32_1.7.0.201602121829/tools/compiler/bin/../lib/gcc/arm-none-eabi/5.2.1/../../../../arm-none-eabi/lib/armv7e-m\libc.a(lib_a-impure.o)
                0x080027f4                _global_impure_ptr
                0x080027f8                . = ALIGN (0x4)

.rel.dyn        0x080027f8        0x0
 .rel.iplt      0x080027f8        0x0 f:/ac6/systemworkbench/plugins/fr.ac6.mcu.externaltools.arm-none.win32_1.7.0.201602121829/tools/compiler/bin/../lib/gcc/arm-none-eabi/5.2.1/armv7e-m/crtbegin.o

.ARM.extab
 *(.ARM.extab* .gnu.linkonce.armextab.*)

.ARM            0x080027f8        0x0
                0x080027f8                __exidx_start = .
 *(.ARM.exidx*)
                0x080027f8                __exidx_end = .

.preinit_array  0x080027f8        0x0
                0x080027f8                PROVIDE (__preinit_array_start, .)
 *(.preinit_array*)
                0x080027f8                PROVIDE (__preinit_array_end, .)

.init_array     0x080027f8        0x8
                0x080027f8                PROVIDE (__init_array_start, .)
 *(SORT(.init_array.*))
 .init_array.00000
                0x080027f8        0x4 f:/ac6/systemworkbench/plugins/fr.ac6.mcu.externaltools.arm-none.win32_1.7.0.201602121829/tools/compiler/bin/../lib/gcc/arm-none-eabi/5.2.1/../../../../arm-none-eabi/lib/armv7e-m\libc.a(lib_a-__call_atexit.o)
 *(.init_array*)
 .init_array    0x080027fc        0x4 f:/ac6/systemworkbench/plugins/fr.ac6.mcu.externaltools.arm-none.win32_1.7.0.201602121829/tools/compiler/bin/../lib/gcc/arm-none-eabi/5.2.1/armv7e-m/crtbegin.o
                0x08002800                PROVIDE (__init_array_end, .)

.fini_array     0x08002800        0x4
                0x08002800                PROVIDE (__fini_array_start, .)
 *(SORT(.fini_array.*))
 *(.fini_array*)
 .fini_array    0x08002800        0x4 f:/ac6/systemworkbench/plugins/fr.ac6.mcu.externaltools.arm-none.win32_1.7.0.201602121829/tools/compiler/bin/../lib/gcc/arm-none-eabi/5.2.1/armv7e-m/crtbegin.o
                0x08002804                PROVIDE (__fini_array_end, .)
                0x08002804                _sidata = LOADADDR (.data)

.data           0x20000000      0x430 load address 0x08002804
                0x20000000                . = ALIGN (0x4)
                0x20000000                _sdata = .
 *(.data)
 .data          0x20000000        0x4 src/system_stm32f3xx.o
                0x20000000                SystemCoreClock
 *(.data*)
 *fill*         0x20000004        0x4 
 .data.impure_data
                0x20000008      0x428 f:/ac6/systemworkbench/plugins/fr.ac6.mcu.externaltools.arm-none.win32_1.7.0.201602121829/tools/compiler/bin/../lib/gcc/arm-none-eabi/5.2.1/../../../../arm-none-eabi/lib/armv7e-m\libc.a(lib_a-impure.o)
                0x20000430                . = ALIGN (0x4)
                0x20000430                _edata = .
                0x08002c34                _siccmram = LOADADDR (.ccmram)

.jcr            0x20000430        0x0 load address 0x08002c34
 .jcr           0x20000430        0x0 f:/ac6/systemworkbench/plugins/fr.ac6.mcu.externaltools.arm-none.win32_1.7.0.201602121829/tools/compiler/bin/../lib/gcc/arm-none-eabi/5.2.1/armv7e-m/crtbegin.o

.tm_clone_table
                0x20000430        0x0 load address 0x08002c34
 .tm_clone_table
                0x20000430        0x0 f:/ac6/systemworkbench/plugins/fr.ac6.mcu.externaltools.arm-none.win32_1.7.0.201602121829/tools/compiler/bin/../lib/gcc/arm-none-eabi/5.2.1/armv7e-m/crtbegin.o
 .tm_clone_table
                0x20000430        0x0 f:/ac6/systemworkbench/plugins/fr.ac6.mcu.externaltools.arm-none.win32_1.7.0.201602121829/tools/compiler/bin/../lib/gcc/arm-none-eabi/5.2.1/armv7e-m/crtend.o

.igot.plt       0x20000430        0x0 load address 0x08002c34
 .igot.plt      0x20000430        0x0 f:/ac6/systemworkbench/plugins/fr.ac6.mcu.externaltools.arm-none.win32_1.7.0.201602121829/tools/compiler/bin/../lib/gcc/arm-none-eabi/5.2.1/armv7e-m/crtbegin.o

.ccmram         0x10000000        0x0 load address 0x08002c34
                0x10000000                . = ALIGN (0x4)
                0x10000000                _sccmram = .
 *(.ccmram)
 *(.ccmram*)
                0x10000000                . = ALIGN (0x4)
                0x10000000                _eccmram = .
                0x10000000                . = ALIGN (0x4)

.bss            0x20000430       0x34
                0x20000430                _sbss = .
                0x20000430                __bss_start__ = _sbss
 *(.bss)
 .bss           0x20000430       0x1c f:/ac6/systemworkbench/plugins/fr.ac6.mcu.externaltools.arm-none.win32_1.7.0.201602121829/tools/compiler/bin/../lib/gcc/arm-none-eabi/5.2.1/armv7e-m/crtbegin.o
 .bss           0x2000044c        0x4 F:\Users\Bernd\Onedrive\Schule\4. Jahrgang\SYT\workspace\stm32f3discovery_hal_lib\Debug\libstm32f3discovery_hal_lib.a(stm32f3xx_hal.o)
 *(.bss*)
 *(COMMON)
 COMMON         0x20000450       0x14 src/main.o
                0x20000450                GPIO_InitStruct
                0x20000464                . = ALIGN (0x4)
                0x20000464                _ebss = .
                0x20000464                __bss_end__ = _ebss

._user_heap_stack
                0x20000464      0x604
                0x20000468                . = ALIGN (0x8)
 *fill*         0x20000464        0x4 
                0x20000468                PROVIDE (end, .)
                [!provide]                PROVIDE (_end, .)
                0x20000668                . = (. + _Min_Heap_Size)
 *fill*         0x20000468      0x200 
                0x20000a68                . = (. + _Min_Stack_Size)
 *fill*         0x20000668      0x400 
                0x20000a68                . = ALIGN (0x8)

/DISCARD/
 libc.a(*)
 libm.a(*)
 libgcc.a(*)

.ARM.attributes
                0x00000000       0x2a
 *(.ARM.attributes)
 .ARM.attributes
                0x00000000       0x1e f:/ac6/systemworkbench/plugins/fr.ac6.mcu.externaltools.arm-none.win32_1.7.0.201602121829/tools/compiler/bin/../lib/gcc/arm-none-eabi/5.2.1/armv7e-m/crti.o
 .ARM.attributes
                0x0000001e       0x2e f:/ac6/systemworkbench/plugins/fr.ac6.mcu.externaltools.arm-none.win32_1.7.0.201602121829/tools/compiler/bin/../lib/gcc/arm-none-eabi/5.2.1/armv7e-m/crtbegin.o
 .ARM.attributes
                0x0000004c       0x33 src/main.o
 .ARM.attributes
                0x0000007f       0x33 src/stm32f3xx_it.o
 .ARM.attributes
                0x000000b2       0x33 src/system_stm32f3xx.o
 .ARM.attributes
                0x000000e5       0x21 startup/startup_stm32f303xc.o
 .ARM.attributes
                0x00000106       0x33 F:\Users\Bernd\Onedrive\Schule\4. Jahrgang\SYT\workspace\stm32f3discovery_hal_lib\Debug\libstm32f3discovery_hal_lib.a(stm32f3xx_hal.o)
 .ARM.attributes
                0x00000139       0x33 F:\Users\Bernd\Onedrive\Schule\4. Jahrgang\SYT\workspace\stm32f3discovery_hal_lib\Debug\libstm32f3discovery_hal_lib.a(stm32f3xx_hal_cortex.o)
 .ARM.attributes
                0x0000016c       0x33 F:\Users\Bernd\Onedrive\Schule\4. Jahrgang\SYT\workspace\stm32f3discovery_hal_lib\Debug\libstm32f3discovery_hal_lib.a(stm32f3xx_hal_gpio.o)
 .ARM.attributes
                0x0000019f       0x33 F:\Users\Bernd\Onedrive\Schule\4. Jahrgang\SYT\workspace\stm32f3discovery_hal_lib\Debug\libstm32f3discovery_hal_lib.a(stm32f3xx_hal_rcc.o)
 .ARM.attributes
                0x000001d2       0x2e f:/ac6/systemworkbench/plugins/fr.ac6.mcu.externaltools.arm-none.win32_1.7.0.201602121829/tools/compiler/bin/../lib/gcc/arm-none-eabi/5.2.1/../../../../arm-none-eabi/lib/armv7e-m\libc.a(lib_a-impure.o)
 .ARM.attributes
                0x00000200       0x2e f:/ac6/systemworkbench/plugins/fr.ac6.mcu.externaltools.arm-none.win32_1.7.0.201602121829/tools/compiler/bin/../lib/gcc/arm-none-eabi/5.2.1/../../../../arm-none-eabi/lib/armv7e-m\libc.a(lib_a-init.o)
 .ARM.attributes
                0x0000022e       0x2e f:/ac6/systemworkbench/plugins/fr.ac6.mcu.externaltools.arm-none.win32_1.7.0.201602121829/tools/compiler/bin/../lib/gcc/arm-none-eabi/5.2.1/../../../../arm-none-eabi/lib/armv7e-m\libc.a(lib_a-__call_atexit.o)
 .ARM.attributes
                0x0000025c       0x2e f:/ac6/systemworkbench/plugins/fr.ac6.mcu.externaltools.arm-none.win32_1.7.0.201602121829/tools/compiler/bin/../lib/gcc/arm-none-eabi/5.2.1/../../../../arm-none-eabi/lib/armv7e-m\libc.a(lib_a-atexit.o)
 .ARM.attributes
                0x0000028a       0x2e f:/ac6/systemworkbench/plugins/fr.ac6.mcu.externaltools.arm-none.win32_1.7.0.201602121829/tools/compiler/bin/../lib/gcc/arm-none-eabi/5.2.1/../../../../arm-none-eabi/lib/armv7e-m\libc.a(lib_a-fini.o)
 .ARM.attributes
                0x000002b8       0x2e f:/ac6/systemworkbench/plugins/fr.ac6.mcu.externaltools.arm-none.win32_1.7.0.201602121829/tools/compiler/bin/../lib/gcc/arm-none-eabi/5.2.1/../../../../arm-none-eabi/lib/armv7e-m\libc.a(lib_a-__atexit.o)
 .ARM.attributes
                0x000002e6       0x2e f:/ac6/systemworkbench/plugins/fr.ac6.mcu.externaltools.arm-none.win32_1.7.0.201602121829/tools/compiler/bin/../lib/gcc/arm-none-eabi/5.2.1/armv7e-m/crtend.o
 .ARM.attributes
                0x00000314       0x1e f:/ac6/systemworkbench/plugins/fr.ac6.mcu.externaltools.arm-none.win32_1.7.0.201602121829/tools/compiler/bin/../lib/gcc/arm-none-eabi/5.2.1/armv7e-m/crtn.o
OUTPUT(schalterLEDs.elf elf32-littlearm)

.debug_info     0x00000000     0x3fb6
 .debug_info    0x00000000      0x641 src/main.o
 .debug_info    0x00000641       0xbd src/stm32f3xx_it.o
 .debug_info    0x000006fe      0x3c0 src/system_stm32f3xx.o
 .debug_info    0x00000abe       0x92 startup/startup_stm32f303xc.o
 .debug_info    0x00000b50      0x652 F:\Users\Bernd\Onedrive\Schule\4. Jahrgang\SYT\workspace\stm32f3discovery_hal_lib\Debug\libstm32f3discovery_hal_lib.a(stm32f3xx_hal.o)
 .debug_info    0x000011a2      0xcaf F:\Users\Bernd\Onedrive\Schule\4. Jahrgang\SYT\workspace\stm32f3discovery_hal_lib\Debug\libstm32f3discovery_hal_lib.a(stm32f3xx_hal_cortex.o)
 .debug_info    0x00001e51      0x667 F:\Users\Bernd\Onedrive\Schule\4. Jahrgang\SYT\workspace\stm32f3discovery_hal_lib\Debug\libstm32f3discovery_hal_lib.a(stm32f3xx_hal_gpio.o)
 .debug_info    0x000024b8     0x1afe F:\Users\Bernd\Onedrive\Schule\4. Jahrgang\SYT\workspace\stm32f3discovery_hal_lib\Debug\libstm32f3discovery_hal_lib.a(stm32f3xx_hal_rcc.o)

.debug_abbrev   0x00000000      0xaf3
 .debug_abbrev  0x00000000      0x145 src/main.o
 .debug_abbrev  0x00000145       0x6a src/stm32f3xx_it.o
 .debug_abbrev  0x000001af      0x104 src/system_stm32f3xx.o
 .debug_abbrev  0x000002b3       0x12 startup/startup_stm32f303xc.o
 .debug_abbrev  0x000002c5      0x188 F:\Users\Bernd\Onedrive\Schule\4. Jahrgang\SYT\workspace\stm32f3discovery_hal_lib\Debug\libstm32f3discovery_hal_lib.a(stm32f3xx_hal.o)
 .debug_abbrev  0x0000044d      0x298 F:\Users\Bernd\Onedrive\Schule\4. Jahrgang\SYT\workspace\stm32f3discovery_hal_lib\Debug\libstm32f3discovery_hal_lib.a(stm32f3xx_hal_cortex.o)
 .debug_abbrev  0x000006e5      0x1af F:\Users\Bernd\Onedrive\Schule\4. Jahrgang\SYT\workspace\stm32f3discovery_hal_lib\Debug\libstm32f3discovery_hal_lib.a(stm32f3xx_hal_gpio.o)
 .debug_abbrev  0x00000894      0x25f F:\Users\Bernd\Onedrive\Schule\4. Jahrgang\SYT\workspace\stm32f3discovery_hal_lib\Debug\libstm32f3discovery_hal_lib.a(stm32f3xx_hal_rcc.o)

.debug_aranges  0x00000000      0x340
 .debug_aranges
                0x00000000       0x38 src/main.o
 .debug_aranges
                0x00000038       0x20 src/stm32f3xx_it.o
 .debug_aranges
                0x00000058       0x28 src/system_stm32f3xx.o
 .debug_aranges
                0x00000080       0x28 startup/startup_stm32f303xc.o
 .debug_aranges
                0x000000a8       0xb0 F:\Users\Bernd\Onedrive\Schule\4. Jahrgang\SYT\workspace\stm32f3discovery_hal_lib\Debug\libstm32f3discovery_hal_lib.a(stm32f3xx_hal.o)
 .debug_aranges
                0x00000158      0x108 F:\Users\Bernd\Onedrive\Schule\4. Jahrgang\SYT\workspace\stm32f3discovery_hal_lib\Debug\libstm32f3discovery_hal_lib.a(stm32f3xx_hal_cortex.o)
 .debug_aranges
                0x00000260       0x58 F:\Users\Bernd\Onedrive\Schule\4. Jahrgang\SYT\workspace\stm32f3discovery_hal_lib\Debug\libstm32f3discovery_hal_lib.a(stm32f3xx_hal_gpio.o)
 .debug_aranges
                0x000002b8       0x88 F:\Users\Bernd\Onedrive\Schule\4. Jahrgang\SYT\workspace\stm32f3discovery_hal_lib\Debug\libstm32f3discovery_hal_lib.a(stm32f3xx_hal_rcc.o)

.debug_ranges   0x00000000      0x2c8
 .debug_ranges  0x00000000       0x28 src/main.o
 .debug_ranges  0x00000028       0x10 src/stm32f3xx_it.o
 .debug_ranges  0x00000038       0x18 src/system_stm32f3xx.o
 .debug_ranges  0x00000050       0x20 startup/startup_stm32f303xc.o
 .debug_ranges  0x00000070       0xa0 F:\Users\Bernd\Onedrive\Schule\4. Jahrgang\SYT\workspace\stm32f3discovery_hal_lib\Debug\libstm32f3discovery_hal_lib.a(stm32f3xx_hal.o)
 .debug_ranges  0x00000110       0xf8 F:\Users\Bernd\Onedrive\Schule\4. Jahrgang\SYT\workspace\stm32f3discovery_hal_lib\Debug\libstm32f3discovery_hal_lib.a(stm32f3xx_hal_cortex.o)
 .debug_ranges  0x00000208       0x48 F:\Users\Bernd\Onedrive\Schule\4. Jahrgang\SYT\workspace\stm32f3discovery_hal_lib\Debug\libstm32f3discovery_hal_lib.a(stm32f3xx_hal_gpio.o)
 .debug_ranges  0x00000250       0x78 F:\Users\Bernd\Onedrive\Schule\4. Jahrgang\SYT\workspace\stm32f3discovery_hal_lib\Debug\libstm32f3discovery_hal_lib.a(stm32f3xx_hal_rcc.o)

.debug_macro    0x00000000    0x16f81
 .debug_macro   0x00000000      0x431 src/main.o
 .debug_macro   0x00000431      0x8a4 src/main.o
 .debug_macro   0x00000cd5       0x2a src/main.o
 .debug_macro   0x00000cff       0x28 src/main.o
 .debug_macro   0x00000d27       0x3b src/main.o
 .debug_macro   0x00000d62       0x22 src/main.o
 .debug_macro   0x00000d84       0x44 src/main.o
 .debug_macro   0x00000dc8       0xfd src/main.o
 .debug_macro   0x00000ec5       0x22 src/main.o
 .debug_macro   0x00000ee7      0x1df src/main.o
 .debug_macro   0x000010c6       0x34 src/main.o
 .debug_macro   0x000010fa       0x26 src/main.o
 .debug_macro   0x00001120      0xe43 src/main.o
 .debug_macro   0x00001f63     0x8367 src/main.o
 .debug_macro   0x0000a2ca       0x43 src/main.o
 .debug_macro   0x0000a30d      0x11b src/main.o
 .debug_macro   0x0000a428     0x3203 src/main.o
 .debug_macro   0x0000d62b       0x58 src/main.o
 .debug_macro   0x0000d683       0x35 src/main.o
 .debug_macro   0x0000d6b8       0x9c src/main.o
 .debug_macro   0x0000d754       0x16 src/main.o
 .debug_macro   0x0000d76a       0x97 src/main.o
 .debug_macro   0x0000d801      0x329 src/main.o
 .debug_macro   0x0000db2a       0xfd src/main.o
 .debug_macro   0x0000dc27       0x10 src/main.o
 .debug_macro   0x0000dc37       0x52 src/main.o
 .debug_macro   0x0000dc89       0x16 src/main.o
 .debug_macro   0x0000dc9f       0x43 src/main.o
 .debug_macro   0x0000dce2      0x187 src/main.o
 .debug_macro   0x0000de69       0x10 src/main.o
 .debug_macro   0x0000de79       0x22 src/main.o
 .debug_macro   0x0000de9b       0x3a src/main.o
 .debug_macro   0x0000ded5       0x10 src/main.o
 .debug_macro   0x0000dee5       0x40 src/main.o
 .debug_macro   0x0000df25       0x65 src/main.o
 .debug_macro   0x0000df8a       0x16 src/main.o
 .debug_macro   0x0000dfa0      0x197 src/main.o
 .debug_macro   0x0000e137       0x50 src/main.o
 .debug_macro   0x0000e187      0x971 src/main.o
 .debug_macro   0x0000eaf8      0x5fe src/main.o
 .debug_macro   0x0000f0f6      0x13a src/main.o
 .debug_macro   0x0000f230      0x1fb src/main.o
 .debug_macro   0x0000f42b      0x1a7 src/main.o
 .debug_macro   0x0000f5d2       0x2a src/main.o
 .debug_macro   0x0000f5fc       0x3c src/main.o
 .debug_macro   0x0000f638      0x23a src/main.o
 .debug_macro   0x0000f872      0xa52 src/main.o
 .debug_macro   0x000102c4       0x77 src/main.o
 .debug_macro   0x0001033b      0x36e src/main.o
 .debug_macro   0x000106a9       0x65 src/main.o
 .debug_macro   0x0001070e      0x586 src/main.o
 .debug_macro   0x00010c94       0x12 src/main.o
 .debug_macro   0x00010ca6       0xc7 src/main.o
 .debug_macro   0x00010d6d       0x4d src/main.o
 .debug_macro   0x00010dba       0x12 src/main.o
 .debug_macro   0x00010dcc      0x189 src/main.o
 .debug_macro   0x00010f55       0x62 src/main.o
 .debug_macro   0x00010fb7       0xcb src/main.o
 .debug_macro   0x00011082      0x22b src/main.o
 .debug_macro   0x000112ad      0x1c9 src/main.o
 .debug_macro   0x00011476       0x4f src/main.o
 .debug_macro   0x000114c5       0x66 src/main.o
 .debug_macro   0x0001152b      0x1ca src/main.o
 .debug_macro   0x000116f5       0x41 src/main.o
 .debug_macro   0x00011736      0x256 src/main.o
 .debug_macro   0x0001198c       0x2a src/main.o
 .debug_macro   0x000119b6       0xab src/main.o
 .debug_macro   0x00011a61      0x17d src/main.o
 .debug_macro   0x00011bde       0x28 src/main.o
 .debug_macro   0x00011c06      0x265 src/main.o
 .debug_macro   0x00011e6b       0xd6 src/main.o
 .debug_macro   0x00011f41       0xd4 src/main.o
 .debug_macro   0x00012015      0x30c src/main.o
 .debug_macro   0x00012321      0x3e3 src/main.o
 .debug_macro   0x00012704       0xeb src/main.o
 .debug_macro   0x000127ef      0x38a src/main.o
 .debug_macro   0x00012b79       0x11 src/main.o
 .debug_macro   0x00012b8a      0x32c src/main.o
 .debug_macro   0x00012eb6      0x2e2 src/main.o
 .debug_macro   0x00013198      0x685 src/main.o
 .debug_macro   0x0001381d      0x37c src/main.o
 .debug_macro   0x00013b99      0x46a src/main.o
 .debug_macro   0x00014003      0x558 src/main.o
 .debug_macro   0x0001455b       0x2b src/main.o
 .debug_macro   0x00014586      0x24f src/main.o
 .debug_macro   0x000147d5       0x2b src/main.o
 .debug_macro   0x00014800       0x8d src/main.o
 .debug_macro   0x0001488d      0x26e src/main.o
 .debug_macro   0x00014afb      0x29e src/main.o
 .debug_macro   0x00014d99      0x42c src/stm32f3xx_it.o
 .debug_macro   0x000151c5      0x428 src/system_stm32f3xx.o
 .debug_macro   0x000155ed      0x446 F:\Users\Bernd\Onedrive\Schule\4. Jahrgang\SYT\workspace\stm32f3discovery_hal_lib\Debug\libstm32f3discovery_hal_lib.a(stm32f3xx_hal.o)
 .debug_macro   0x00015a33      0x89e F:\Users\Bernd\Onedrive\Schule\4. Jahrgang\SYT\workspace\stm32f3discovery_hal_lib\Debug\libstm32f3discovery_hal_lib.a(stm32f3xx_hal.o)
 .debug_macro   0x000162d1      0x422 F:\Users\Bernd\Onedrive\Schule\4. Jahrgang\SYT\workspace\stm32f3discovery_hal_lib\Debug\libstm32f3discovery_hal_lib.a(stm32f3xx_hal_cortex.o)
 .debug_macro   0x000166f3      0x45a F:\Users\Bernd\Onedrive\Schule\4. Jahrgang\SYT\workspace\stm32f3discovery_hal_lib\Debug\libstm32f3discovery_hal_lib.a(stm32f3xx_hal_gpio.o)
 .debug_macro   0x00016b4d      0x434 F:\Users\Bernd\Onedrive\Schule\4. Jahrgang\SYT\workspace\stm32f3discovery_hal_lib\Debug\libstm32f3discovery_hal_lib.a(stm32f3xx_hal_rcc.o)

.debug_line     0x00000000     0x6055
 .debug_line    0x00000000      0xb94 src/main.o
 .debug_line    0x00000b94      0xb20 src/stm32f3xx_it.o
 .debug_line    0x000016b4      0xaf9 src/system_stm32f3xx.o
 .debug_line    0x000021ad       0x7f startup/startup_stm32f303xc.o
 .debug_line    0x0000222c      0xc27 F:\Users\Bernd\Onedrive\Schule\4. Jahrgang\SYT\workspace\stm32f3discovery_hal_lib\Debug\libstm32f3discovery_hal_lib.a(stm32f3xx_hal.o)
 .debug_line    0x00002e53      0xda3 F:\Users\Bernd\Onedrive\Schule\4. Jahrgang\SYT\workspace\stm32f3discovery_hal_lib\Debug\libstm32f3discovery_hal_lib.a(stm32f3xx_hal_cortex.o)
 .debug_line    0x00003bf6      0xc56 F:\Users\Bernd\Onedrive\Schule\4. Jahrgang\SYT\workspace\stm32f3discovery_hal_lib\Debug\libstm32f3discovery_hal_lib.a(stm32f3xx_hal_gpio.o)
 .debug_line    0x0000484c     0x1809 F:\Users\Bernd\Onedrive\Schule\4. Jahrgang\SYT\workspace\stm32f3discovery_hal_lib\Debug\libstm32f3discovery_hal_lib.a(stm32f3xx_hal_rcc.o)

.debug_str      0x00000000    0xa10da
 .debug_str     0x00000000    0xa0464 src/main.o
                              0xa0842 (size before relaxing)
 .debug_str     0x000a0464       0x38 src/stm32f3xx_it.o
                              0x9ef36 (size before relaxing)
 .debug_str     0x000a049c       0xe6 src/system_stm32f3xx.o
                              0x9f061 (size before relaxing)
 .debug_str     0x000a0582      0x32f F:\Users\Bernd\Onedrive\Schule\4. Jahrgang\SYT\workspace\stm32f3discovery_hal_lib\Debug\libstm32f3discovery_hal_lib.a(stm32f3xx_hal.o)
                              0x9f735 (size before relaxing)
 .debug_str     0x000a08b1      0x391 F:\Users\Bernd\Onedrive\Schule\4. Jahrgang\SYT\workspace\stm32f3discovery_hal_lib\Debug\libstm32f3discovery_hal_lib.a(stm32f3xx_hal_cortex.o)
                              0x9f880 (size before relaxing)
 .debug_str     0x000a0c42      0x270 F:\Users\Bernd\Onedrive\Schule\4. Jahrgang\SYT\workspace\stm32f3discovery_hal_lib\Debug\libstm32f3discovery_hal_lib.a(stm32f3xx_hal_gpio.o)
                              0x9f2c8 (size before relaxing)
 .debug_str     0x000a0eb2      0x228 F:\Users\Bernd\Onedrive\Schule\4. Jahrgang\SYT\workspace\stm32f3discovery_hal_lib\Debug\libstm32f3discovery_hal_lib.a(stm32f3xx_hal_rcc.o)
                              0x9f3de (size before relaxing)

.comment        0x00000000       0x6e
 .comment       0x00000000       0x6e src/main.o
                                 0x6f (size before relaxing)
 .comment       0x0000006e       0x6f src/stm32f3xx_it.o
 .comment       0x0000006e       0x6f src/system_stm32f3xx.o
 .comment       0x0000006e       0x6f F:\Users\Bernd\Onedrive\Schule\4. Jahrgang\SYT\workspace\stm32f3discovery_hal_lib\Debug\libstm32f3discovery_hal_lib.a(stm32f3xx_hal.o)
 .comment       0x0000006e       0x6f F:\Users\Bernd\Onedrive\Schule\4. Jahrgang\SYT\workspace\stm32f3discovery_hal_lib\Debug\libstm32f3discovery_hal_lib.a(stm32f3xx_hal_cortex.o)
 .comment       0x0000006e       0x6f F:\Users\Bernd\Onedrive\Schule\4. Jahrgang\SYT\workspace\stm32f3discovery_hal_lib\Debug\libstm32f3discovery_hal_lib.a(stm32f3xx_hal_gpio.o)
 .comment       0x0000006e       0x6f F:\Users\Bernd\Onedrive\Schule\4. Jahrgang\SYT\workspace\stm32f3discovery_hal_lib\Debug\libstm32f3discovery_hal_lib.a(stm32f3xx_hal_rcc.o)

.debug_frame    0x00000000      0xc40
 .debug_frame   0x00000000       0x98 src/main.o
 .debug_frame   0x00000098       0x2c src/stm32f3xx_it.o
 .debug_frame   0x000000c4       0x58 src/system_stm32f3xx.o
 .debug_frame   0x0000011c      0x270 F:\Users\Bernd\Onedrive\Schule\4. Jahrgang\SYT\workspace\stm32f3discovery_hal_lib\Debug\libstm32f3discovery_hal_lib.a(stm32f3xx_hal.o)
 .debug_frame   0x0000038c      0x450 F:\Users\Bernd\Onedrive\Schule\4. Jahrgang\SYT\workspace\stm32f3discovery_hal_lib\Debug\libstm32f3discovery_hal_lib.a(stm32f3xx_hal_cortex.o)
 .debug_frame   0x000007dc      0x14c F:\Users\Bernd\Onedrive\Schule\4. Jahrgang\SYT\workspace\stm32f3discovery_hal_lib\Debug\libstm32f3discovery_hal_lib.a(stm32f3xx_hal_gpio.o)
 .debug_frame   0x00000928      0x214 F:\Users\Bernd\Onedrive\Schule\4. Jahrgang\SYT\workspace\stm32f3discovery_hal_lib\Debug\libstm32f3discovery_hal_lib.a(stm32f3xx_hal_rcc.o)
 .debug_frame   0x00000b3c       0x2c f:/ac6/systemworkbench/plugins/fr.ac6.mcu.externaltools.arm-none.win32_1.7.0.201602121829/tools/compiler/bin/../lib/gcc/arm-none-eabi/5.2.1/../../../../arm-none-eabi/lib/armv7e-m\libc.a(lib_a-init.o)
 .debug_frame   0x00000b68       0x50 f:/ac6/systemworkbench/plugins/fr.ac6.mcu.externaltools.arm-none.win32_1.7.0.201602121829/tools/compiler/bin/../lib/gcc/arm-none-eabi/5.2.1/../../../../arm-none-eabi/lib/armv7e-m\libc.a(lib_a-__call_atexit.o)
 .debug_frame   0x00000bb8       0x20 f:/ac6/systemworkbench/plugins/fr.ac6.mcu.externaltools.arm-none.win32_1.7.0.201602121829/tools/compiler/bin/../lib/gcc/arm-none-eabi/5.2.1/../../../../arm-none-eabi/lib/armv7e-m\libc.a(lib_a-atexit.o)
 .debug_frame   0x00000bd8       0x34 f:/ac6/systemworkbench/plugins/fr.ac6.mcu.externaltools.arm-none.win32_1.7.0.201602121829/tools/compiler/bin/../lib/gcc/arm-none-eabi/5.2.1/../../../../arm-none-eabi/lib/armv7e-m\libc.a(lib_a-fini.o)
 .debug_frame   0x00000c0c       0x34 f:/ac6/systemworkbench/plugins/fr.ac6.mcu.externaltools.arm-none.win32_1.7.0.201602121829/tools/compiler/bin/../lib/gcc/arm-none-eabi/5.2.1/../../../../arm-none-eabi/lib/armv7e-m\libc.a(lib_a-__atexit.o)
