Archive member included to satisfy reference by file (symbol)

F:\Users\Bernd\Onedrive\Schule\4. Jahrgang\SYT\workspace\stm32f3discovery_hal_lib\Debug\libstm32f3discovery_hal_lib.a(stm32f3xx_hal.o)
                              src/main.o (HAL_Init)
F:\Users\Bernd\Onedrive\Schule\4. Jahrgang\SYT\workspace\stm32f3discovery_hal_lib\Debug\libstm32f3discovery_hal_lib.a(stm32f3xx_hal_cortex.o)
                              F:\Users\Bernd\Onedrive\Schule\4. Jahrgang\SYT\workspace\stm32f3discovery_hal_lib\Debug\libstm32f3discovery_hal_lib.a(stm32f3xx_hal.o) (HAL_NVIC_SetPriorityGrouping)
F:\Users\Bernd\Onedrive\Schule\4. Jahrgang\SYT\workspace\stm32f3discovery_hal_lib\Debug\libstm32f3discovery_hal_lib.a(stm32f3xx_hal_rcc.o)
                              F:\Users\Bernd\Onedrive\Schule\4. Jahrgang\SYT\workspace\stm32f3discovery_hal_lib\Debug\libstm32f3discovery_hal_lib.a(stm32f3xx_hal.o) (HAL_RCC_GetHCLKFreq)
F:\Users\Bernd\Onedrive\Schule\4. Jahrgang\SYT\workspace\stm32f3discovery_hal_lib\Debug\libstm32f3discovery_hal_lib.a(stm32f3_discovery.o)
                              src/main.o (BSP_LED_Init)
F:\Users\Bernd\Onedrive\Schule\4. Jahrgang\SYT\workspace\stm32f3discovery_hal_lib\Debug\libstm32f3discovery_hal_lib.a(stm32f3xx_hal_gpio.o)
                              F:\Users\Bernd\Onedrive\Schule\4. Jahrgang\SYT\workspace\stm32f3discovery_hal_lib\Debug\libstm32f3discovery_hal_lib.a(stm32f3xx_hal_rcc.o) (HAL_GPIO_Init)
F:\Users\Bernd\Onedrive\Schule\4. Jahrgang\SYT\workspace\stm32f3discovery_hal_lib\Debug\libstm32f3discovery_hal_lib.a(stm32f3xx_hal_i2c.o)
                              F:\Users\Bernd\Onedrive\Schule\4. Jahrgang\SYT\workspace\stm32f3discovery_hal_lib\Debug\libstm32f3discovery_hal_lib.a(stm32f3_discovery.o) (HAL_I2C_Init)
F:\Users\Bernd\Onedrive\Schule\4. Jahrgang\SYT\workspace\stm32f3discovery_hal_lib\Debug\libstm32f3discovery_hal_lib.a(stm32f3xx_hal_spi.o)
                              F:\Users\Bernd\Onedrive\Schule\4. Jahrgang\SYT\workspace\stm32f3discovery_hal_lib\Debug\libstm32f3discovery_hal_lib.a(stm32f3_discovery.o) (HAL_SPI_Init)
F:\Users\Bernd\Onedrive\Schule\4. Jahrgang\SYT\workspace\stm32f3discovery_hal_lib\Debug\libstm32f3discovery_hal_lib.a(stm32f3xx_hal_dma.o)
                              F:\Users\Bernd\Onedrive\Schule\4. Jahrgang\SYT\workspace\stm32f3discovery_hal_lib\Debug\libstm32f3discovery_hal_lib.a(stm32f3xx_hal_i2c.o) (HAL_DMA_Start_IT)
f:/ac6/systemworkbench/plugins/fr.ac6.mcu.externaltools.arm-none.win32_1.7.0.201602121829/tools/compiler/bin/../lib/gcc/arm-none-eabi/5.2.1/../../../../arm-none-eabi/lib/armv7e-m\libc.a(lib_a-errno.o)
                              src/syscalls.o (__errno)
f:/ac6/systemworkbench/plugins/fr.ac6.mcu.externaltools.arm-none.win32_1.7.0.201602121829/tools/compiler/bin/../lib/gcc/arm-none-eabi/5.2.1/../../../../arm-none-eabi/lib/armv7e-m\libc.a(lib_a-exit.o)
                              f:/ac6/systemworkbench/plugins/fr.ac6.mcu.externaltools.arm-none.win32_1.7.0.201602121829/tools/compiler/bin/../lib/gcc/arm-none-eabi/5.2.1/../../../../arm-none-eabi/lib/armv7e-m/crt0.o (exit)
f:/ac6/systemworkbench/plugins/fr.ac6.mcu.externaltools.arm-none.win32_1.7.0.201602121829/tools/compiler/bin/../lib/gcc/arm-none-eabi/5.2.1/../../../../arm-none-eabi/lib/armv7e-m\libc.a(lib_a-impure.o)
                              f:/ac6/systemworkbench/plugins/fr.ac6.mcu.externaltools.arm-none.win32_1.7.0.201602121829/tools/compiler/bin/../lib/gcc/arm-none-eabi/5.2.1/../../../../arm-none-eabi/lib/armv7e-m\libc.a(lib_a-exit.o) (_global_impure_ptr)
f:/ac6/systemworkbench/plugins/fr.ac6.mcu.externaltools.arm-none.win32_1.7.0.201602121829/tools/compiler/bin/../lib/gcc/arm-none-eabi/5.2.1/../../../../arm-none-eabi/lib/armv7e-m\libc.a(lib_a-init.o)
                              f:/ac6/systemworkbench/plugins/fr.ac6.mcu.externaltools.arm-none.win32_1.7.0.201602121829/tools/compiler/bin/../lib/gcc/arm-none-eabi/5.2.1/../../../../arm-none-eabi/lib/armv7e-m/crt0.o (__libc_init_array)
f:/ac6/systemworkbench/plugins/fr.ac6.mcu.externaltools.arm-none.win32_1.7.0.201602121829/tools/compiler/bin/../lib/gcc/arm-none-eabi/5.2.1/../../../../arm-none-eabi/lib/armv7e-m\libc.a(lib_a-memset.o)
                              f:/ac6/systemworkbench/plugins/fr.ac6.mcu.externaltools.arm-none.win32_1.7.0.201602121829/tools/compiler/bin/../lib/gcc/arm-none-eabi/5.2.1/../../../../arm-none-eabi/lib/armv7e-m/crt0.o (memset)
f:/ac6/systemworkbench/plugins/fr.ac6.mcu.externaltools.arm-none.win32_1.7.0.201602121829/tools/compiler/bin/../lib/gcc/arm-none-eabi/5.2.1/../../../../arm-none-eabi/lib/armv7e-m\libc.a(lib_a-__call_atexit.o)
                              f:/ac6/systemworkbench/plugins/fr.ac6.mcu.externaltools.arm-none.win32_1.7.0.201602121829/tools/compiler/bin/../lib/gcc/arm-none-eabi/5.2.1/../../../../arm-none-eabi/lib/armv7e-m\libc.a(lib_a-exit.o) (__call_exitprocs)
[...]
Memory Configuration

Name             Origin             Length             Attributes
FLASH            0x08000000         0x00040000         xr
RAM              0x20000000         0x0000a000         xrw
CCMRAM           0x10000000         0x00002000         rw
*default*        0x00000000         0xffffffff

Linker script and memory map

LOAD f:/ac6/systemworkbench/plugins/fr.ac6.mcu.externaltools.arm-none.win32_1.7.0.201602121829/tools/compiler/bin/../lib/gcc/arm-none-eabi/5.2.1/armv7e-m/crti.o
LOAD f:/ac6/systemworkbench/plugins/fr.ac6.mcu.externaltools.arm-none.win32_1.7.0.201602121829/tools/compiler/bin/../lib/gcc/arm-none-eabi/5.2.1/armv7e-m/crtbegin.o
LOAD f:/ac6/systemworkbench/plugins/fr.ac6.mcu.externaltools.arm-none.win32_1.7.0.201602121829/tools/compiler/bin/../lib/gcc/arm-none-eabi/5.2.1/../../../../arm-none-eabi/lib/armv7e-m/crt0.o
LOAD f:/ac6/systemworkbench/plugins/fr.ac6.mcu.externaltools.arm-none.win32_1.7.0.201602121829/tools/compiler/bin/../lib/gcc/arm-none-eabi/5.2.1/../../../../arm-none-eabi/lib/armv7e-m\libm.a
LOAD src/main.o
LOAD src/stm32f3xx_it.o
LOAD src/syscalls.o
LOAD src/system_stm32f3xx.o
LOAD startup/startup_stm32f303xc.o
LOAD F:\Users\Bernd\Onedrive\Schule\4. Jahrgang\SYT\workspace\stm32f3discovery_hal_lib\Debug\libstm32f3discovery_hal_lib.a
START GROUP
LOAD f:/ac6/systemworkbench/plugins/fr.ac6.mcu.externaltools.arm-none.win32_1.7.0.201602121829/tools/compiler/bin/../lib/gcc/arm-none-eabi/5.2.1/armv7e-m\libgcc.a
LOAD f:/ac6/systemworkbench/plugins/fr.ac6.mcu.externaltools.arm-none.win32_1.7.0.201602121829/tools/compiler/bin/../lib/gcc/arm-none-eabi/5.2.1/../../../../arm-none-eabi/lib/armv7e-m\libc.a
END GROUP
LOAD f:/ac6/systemworkbench/plugins/fr.ac6.mcu.externaltools.arm-none.win32_1.7.0.201602121829/tools/compiler/bin/../lib/gcc/arm-none-eabi/5.2.1/armv7e-m/crtend.o
LOAD f:/ac6/systemworkbench/plugins/fr.ac6.mcu.externaltools.arm-none.win32_1.7.0.201602121829/tools/compiler/bin/../lib/gcc/arm-none-eabi/5.2.1/armv7e-m/crtn.o
                0x2000a000                _estack = 0x2000a000
                0x00000200                _Min_Heap_Size = 0x200
                0x00000400                _Min_Stack_Size = 0x400

.isr_vector     0x08000000      0x188
                0x08000000                . = ALIGN (0x4)
 *(.isr_vector)
 .isr_vector    0x08000000      0x188 startup/startup_stm32f303xc.o
                0x08000000                g_pfnVectors
                0x08000188                . = ALIGN (0x4)

.text           0x08000188      0xb40
                0x08000188                . = ALIGN (0x4)
 *(.text)
 .text          0x08000188       0xa4 f:/ac6/systemworkbench/plugins/fr.ac6.mcu.externaltools.arm-none.win32_1.7.0.201602121829/tools/compiler/bin/../lib/gcc/arm-none-eabi/5.2.1/armv7e-m/crtbegin.o
 *(.text*)
 .text.main     0x0800022c       0x1c src/main.o
                0x0800022c                main
 .text.SysTick_Handler
                0x08000248       0x10 src/stm32f3xx_it.o
                0x08000248                SysTick_Handler
 .text.SystemInit
                0x08000258       0x84 src/system_stm32f3xx.o
                0x08000258                SystemInit
 .text.Reset_Handler
                0x080002dc       0x50 startup/startup_stm32f303xc.o
                0x080002dc                Reset_Handler
 .text.Default_Handler
                0x0800032c        0x2 startup/startup_stm32f303xc.o
                0x0800032c                RTC_Alarm_IRQHandler
                0x0800032c                TIM8_TRG_COM_IRQHandler
                0x0800032c                TIM8_CC_IRQHandler
                0x0800032c                DebugMon_Handler
                0x0800032c                TIM1_CC_IRQHandler
                0x0800032c                HardFault_Handler
                0x0800032c                USB_HP_IRQHandler
                0x0800032c                PVD_IRQHandler
                0x0800032c                TAMP_STAMP_IRQHandler
                0x0800032c                PendSV_Handler
                0x0800032c                NMI_Handler
                0x0800032c                EXTI3_IRQHandler
                0x0800032c                USB_HP_CAN_TX_IRQHandler
                0x0800032c                EXTI0_IRQHandler
                0x0800032c                I2C2_EV_IRQHandler
                0x0800032c                FPU_IRQHandler
                0x0800032c                TIM1_UP_TIM16_IRQHandler
                0x0800032c                UsageFault_Handler
                0x0800032c                ADC1_2_IRQHandler
                0x0800032c                SPI1_IRQHandler
                0x0800032c                CAN_SCE_IRQHandler
                0x0800032c                TIM6_DAC_IRQHandler
                0x0800032c                TIM8_UP_IRQHandler
                0x0800032c                DMA2_Channel2_IRQHandler
                0x0800032c                DMA1_Channel4_IRQHandler
                0x0800032c                USART3_IRQHandler
                0x0800032c                DMA1_Channel7_IRQHandler
                0x0800032c                UART5_IRQHandler
                0x0800032c                ADC3_IRQHandler
                0x0800032c                TIM4_IRQHandler
                0x0800032c                CAN_RX1_IRQHandler
                0x0800032c                DMA2_Channel1_IRQHandler
                0x0800032c                I2C1_EV_IRQHandler
                0x0800032c                DMA1_Channel6_IRQHandler
                0x0800032c                UART4_IRQHandler
                0x0800032c                DMA2_Channel4_IRQHandler
                0x0800032c                TIM3_IRQHandler
                0x0800032c                RCC_IRQHandler
                0x0800032c                DMA1_Channel1_IRQHandler
                0x0800032c                Default_Handler
                0x0800032c                USBWakeUp_RMP_IRQHandler
                0x0800032c                EXTI15_10_IRQHandler
                0x0800032c                TIM7_IRQHandler
                0x0800032c                EXTI9_5_IRQHandler
                0x0800032c                RTC_WKUP_IRQHandler
                0x0800032c                SPI2_IRQHandler
                0x0800032c                USB_LP_CAN_RX0_IRQHandler
                0x0800032c                MemManage_Handler
                0x0800032c                SVC_Handler
                0x0800032c                DMA2_Channel5_IRQHandler
                0x0800032c                DMA1_Channel5_IRQHandler
                0x0800032c                USB_LP_IRQHandler
                0x0800032c                EXTI4_IRQHandler
                0x0800032c                TIM1_TRG_COM_TIM17_IRQHandler
                0x0800032c                DMA1_Channel3_IRQHandler
                0x0800032c                ADC4_IRQHandler
                0x0800032c                WWDG_IRQHandler
                0x0800032c                TIM2_IRQHandler
                0x0800032c                COMP7_IRQHandler
                0x0800032c                COMP1_2_3_IRQHandler
                0x0800032c                EXTI1_IRQHandler
                0x0800032c                USART2_IRQHandler
                0x0800032c                COMP4_5_6_IRQHandler
                0x0800032c                I2C2_ER_IRQHandler
                0x0800032c                DMA1_Channel2_IRQHandler
                0x0800032c                TIM8_BRK_IRQHandler
                0x0800032c                FLASH_IRQHandler
                0x0800032c                BusFault_Handler
                0x0800032c                USART1_IRQHandler
                0x0800032c                SPI3_IRQHandler
                0x0800032c                I2C1_ER_IRQHandler
                0x0800032c                USBWakeUp_IRQHandler
                0x0800032c                DMA2_Channel3_IRQHandler
                0x0800032c                EXTI2_TSC_IRQHandler
                0x0800032c                TIM1_BRK_TIM15_IRQHandler
 *fill*         0x0800032e        0x2 
 .text.HAL_Init
                0x08000330       0x2c F:\Users\Bernd\Onedrive\Schule\4. Jahrgang\SYT\workspace\stm32f3discovery_hal_lib\Debug\libstm32f3discovery_hal_lib.a(stm32f3xx_hal.o)
                0x08000330                HAL_Init
 .text.HAL_MspInit
                0x0800035c        0xc F:\Users\Bernd\Onedrive\Schule\4. Jahrgang\SYT\workspace\stm32f3discovery_hal_lib\Debug\libstm32f3discovery_hal_lib.a(stm32f3xx_hal.o)
                0x0800035c                HAL_MspInit
 .text.HAL_InitTick
                0x08000368       0x38 F:\Users\Bernd\Onedrive\Schule\4. Jahrgang\SYT\workspace\stm32f3discovery_hal_lib\Debug\libstm32f3discovery_hal_lib.a(stm32f3xx_hal.o)
                0x08000368                HAL_InitTick
 .text.HAL_IncTick
                0x080003a0       0x1c F:\Users\Bernd\Onedrive\Schule\4. Jahrgang\SYT\workspace\stm32f3discovery_hal_lib\Debug\libstm32f3discovery_hal_lib.a(stm32f3xx_hal.o)
                0x080003a0                HAL_IncTick
 .text.NVIC_SetPriorityGrouping
                0x080003bc       0x48 F:\Users\Bernd\Onedrive\Schule\4. Jahrgang\SYT\workspace\stm32f3discovery_hal_lib\Debug\libstm32f3discovery_hal_lib.a(stm32f3xx_hal_cortex.o)
 .text.NVIC_GetPriorityGrouping
                0x08000404       0x1c F:\Users\Bernd\Onedrive\Schule\4. Jahrgang\SYT\workspace\stm32f3discovery_hal_lib\Debug\libstm32f3discovery_hal_lib.a(stm32f3xx_hal_cortex.o)
 .text.NVIC_SetPriority
                0x08000420       0x54 F:\Users\Bernd\Onedrive\Schule\4. Jahrgang\SYT\workspace\stm32f3discovery_hal_lib\Debug\libstm32f3discovery_hal_lib.a(stm32f3xx_hal_cortex.o)
 .text.NVIC_EncodePriority
                0x08000474       0x60 F:\Users\Bernd\Onedrive\Schule\4. Jahrgang\SYT\workspace\stm32f3discovery_hal_lib\Debug\libstm32f3discovery_hal_lib.a(stm32f3xx_hal_cortex.o)
 .text.SysTick_Config
                0x080004d4       0x44 F:\Users\Bernd\Onedrive\Schule\4. Jahrgang\SYT\workspace\stm32f3discovery_hal_lib\Debug\libstm32f3discovery_hal_lib.a(stm32f3xx_hal_cortex.o)
 .text.HAL_NVIC_SetPriorityGrouping
                0x08000518       0x18 F:\Users\Bernd\Onedrive\Schule\4. Jahrgang\SYT\workspace\stm32f3discovery_hal_lib\Debug\libstm32f3discovery_hal_lib.a(stm32f3xx_hal_cortex.o)
                0x08000518                HAL_NVIC_SetPriorityGrouping
 .text.HAL_NVIC_SetPriority
                0x08000530       0x38 F:\Users\Bernd\Onedrive\Schule\4. Jahrgang\SYT\workspace\stm32f3discovery_hal_lib\Debug\libstm32f3discovery_hal_lib.a(stm32f3xx_hal_cortex.o)
                0x08000530                HAL_NVIC_SetPriority
 .text.HAL_SYSTICK_Config
                0x08000568       0x18 F:\Users\Bernd\Onedrive\Schule\4. Jahrgang\SYT\workspace\stm32f3discovery_hal_lib\Debug\libstm32f3discovery_hal_lib.a(stm32f3xx_hal_cortex.o)
                0x08000568                HAL_SYSTICK_Config
 .text.HAL_SYSTICK_IRQHandler
                0x08000580        0xc F:\Users\Bernd\Onedrive\Schule\4. Jahrgang\SYT\workspace\stm32f3discovery_hal_lib\Debug\libstm32f3discovery_hal_lib.a(stm32f3xx_hal_cortex.o)
                0x08000580                HAL_SYSTICK_IRQHandler
 .text.HAL_SYSTICK_Callback
                0x0800058c        0xc F:\Users\Bernd\Onedrive\Schule\4. Jahrgang\SYT\workspace\stm32f3discovery_hal_lib\Debug\libstm32f3discovery_hal_lib.a(stm32f3xx_hal_cortex.o)
                0x0800058c                HAL_SYSTICK_Callback
 .text.HAL_RCC_GetSysClockFreq
                0x08000598       0xd0 F:\Users\Bernd\Onedrive\Schule\4. Jahrgang\SYT\workspace\stm32f3discovery_hal_lib\Debug\libstm32f3discovery_hal_lib.a(stm32f3xx_hal_rcc.o)
                0x08000598                HAL_RCC_GetSysClockFreq
 .text.HAL_RCC_GetHCLKFreq
                0x08000668       0x50 F:\Users\Bernd\Onedrive\Schule\4. Jahrgang\SYT\workspace\stm32f3discovery_hal_lib\Debug\libstm32f3discovery_hal_lib.a(stm32f3xx_hal_rcc.o)
                0x08000668                HAL_RCC_GetHCLKFreq
 .text.BSP_LED_Init
                0x080006b8      0x160 F:\Users\Bernd\Onedrive\Schule\4. Jahrgang\SYT\workspace\stm32f3discovery_hal_lib\Debug\libstm32f3discovery_hal_lib.a(stm32f3_discovery.o)
                0x080006b8                BSP_LED_Init
 .text.BSP_LED_On
                0x08000818       0x34 F:\Users\Bernd\Onedrive\Schule\4. Jahrgang\SYT\workspace\stm32f3discovery_hal_lib\Debug\libstm32f3discovery_hal_lib.a(stm32f3_discovery.o)
                0x08000818                BSP_LED_On
 .text.HAL_GPIO_Init
                0x0800084c      0x2f8 F:\Users\Bernd\Onedrive\Schule\4. Jahrgang\SYT\workspace\stm32f3discovery_hal_lib\Debug\libstm32f3discovery_hal_lib.a(stm32f3xx_hal_gpio.o)
                0x0800084c                HAL_GPIO_Init
 .text.HAL_GPIO_WritePin
                0x08000b44       0x30 F:\Users\Bernd\Onedrive\Schule\4. Jahrgang\SYT\workspace\stm32f3discovery_hal_lib\Debug\libstm32f3discovery_hal_lib.a(stm32f3xx_hal_gpio.o)
                0x08000b44                HAL_GPIO_WritePin
 .text.__libc_init_array
                0x08000b74       0x50 f:/ac6/systemworkbench/plugins/fr.ac6.mcu.externaltools.arm-none.win32_1.7.0.201602121829/tools/compiler/bin/../lib/gcc/arm-none-eabi/5.2.1/../../../../arm-none-eabi/lib/armv7e-m\libc.a(lib_a-init.o)
                0x08000b74                __libc_init_array
 .text.startup.register_fini
                0x08000bc4       0x14 f:/ac6/systemworkbench/plugins/fr.ac6.mcu.externaltools.arm-none.win32_1.7.0.201602121829/tools/compiler/bin/../lib/gcc/arm-none-eabi/5.2.1/../../../../arm-none-eabi/lib/armv7e-m\libc.a(lib_a-__call_atexit.o)
 .text.atexit   0x08000bd8        0xc f:/ac6/systemworkbench/plugins/fr.ac6.mcu.externaltools.arm-none.win32_1.7.0.201602121829/tools/compiler/bin/../lib/gcc/arm-none-eabi/5.2.1/../../../../arm-none-eabi/lib/armv7e-m\libc.a(lib_a-atexit.o)
                0x08000bd8                atexit
 .text.__libc_fini_array
                0x08000be4       0x28 f:/ac6/systemworkbench/plugins/fr.ac6.mcu.externaltools.arm-none.win32_1.7.0.201602121829/tools/compiler/bin/../lib/gcc/arm-none-eabi/5.2.1/../../../../arm-none-eabi/lib/armv7e-m\libc.a(lib_a-fini.o)
                0x08000be4                __libc_fini_array
 .text.__register_exitproc
                0x08000c0c       0xa4 f:/ac6/systemworkbench/plugins/fr.ac6.mcu.externaltools.arm-none.win32_1.7.0.201602121829/tools/compiler/bin/../lib/gcc/arm-none-eabi/5.2.1/../../../../arm-none-eabi/lib/armv7e-m\libc.a(lib_a-__atexit.o)
                0x08000c0c                __register_exitproc
 *(.glue_7)
 .glue_7        0x08000cb0        0x0 linker stubs
 *(.glue_7t)
 .glue_7t       0x08000cb0        0x0 linker stubs
 *(.eh_frame)
 .eh_frame      0x08000cb0        0x0 f:/ac6/systemworkbench/plugins/fr.ac6.mcu.externaltools.arm-none.win32_1.7.0.201602121829/tools/compiler/bin/../lib/gcc/arm-none-eabi/5.2.1/armv7e-m/crtbegin.o
 *(.init)
 .init          0x08000cb0        0x4 f:/ac6/systemworkbench/plugins/fr.ac6.mcu.externaltools.arm-none.win32_1.7.0.201602121829/tools/compiler/bin/../lib/gcc/arm-none-eabi/5.2.1/armv7e-m/crti.o
                0x08000cb0                _init
 .init          0x08000cb4        0x8 f:/ac6/systemworkbench/plugins/fr.ac6.mcu.externaltools.arm-none.win32_1.7.0.201602121829/tools/compiler/bin/../lib/gcc/arm-none-eabi/5.2.1/armv7e-m/crtn.o
 *(.fini)
 .fini          0x08000cbc        0x4 f:/ac6/systemworkbench/plugins/fr.ac6.mcu.externaltools.arm-none.win32_1.7.0.201602121829/tools/compiler/bin/../lib/gcc/arm-none-eabi/5.2.1/armv7e-m/crti.o
                0x08000cbc                _fini
 .fini          0x08000cc0        0x8 f:/ac6/systemworkbench/plugins/fr.ac6.mcu.externaltools.arm-none.win32_1.7.0.201602121829/tools/compiler/bin/../lib/gcc/arm-none-eabi/5.2.1/armv7e-m/crtn.o
                0x08000cc8                . = ALIGN (0x4)
                0x08000cc8                _etext = .

.vfp11_veneer   0x08000cc8        0x0
 .vfp11_veneer  0x08000cc8        0x0 linker stubs

.v4_bx          0x08000cc8        0x0
 .v4_bx         0x08000cc8        0x0 linker stubs

.iplt           0x08000cc8        0x0
 .iplt          0x08000cc8        0x0 f:/ac6/systemworkbench/plugins/fr.ac6.mcu.externaltools.arm-none.win32_1.7.0.201602121829/tools/compiler/bin/../lib/gcc/arm-none-eabi/5.2.1/armv7e-m/crtbegin.o

.rodata         0x08000cc8       0x50
                0x08000cc8                . = ALIGN (0x4)
 *(.rodata)
 .rodata        0x08000cc8       0x30 F:\Users\Bernd\Onedrive\Schule\4. Jahrgang\SYT\workspace\stm32f3discovery_hal_lib\Debug\libstm32f3discovery_hal_lib.a(stm32f3xx_hal_rcc.o)
                0x08000cc8                aAPBAHBPrescTable
                0x08000cd8                aPLLMULFactorTable
                0x08000ce8                aPredivFactorTable
 .rodata        0x08000cf8       0x15 F:\Users\Bernd\Onedrive\Schule\4. Jahrgang\SYT\workspace\stm32f3discovery_hal_lib\Debug\libstm32f3discovery_hal_lib.a(stm32f3_discovery.o)
                0x08000cf8                LED_PIN
                0x08000d08                BUTTON_PIN
                0x08000d0c                BUTTON_IRQn
 *(.rodata*)
 *fill*         0x08000d0d        0x3 
 .rodata.str1.4
                0x08000d10        0x4 f:/ac6/systemworkbench/plugins/fr.ac6.mcu.externaltools.arm-none.win32_1.7.0.201602121829/tools/compiler/bin/../lib/gcc/arm-none-eabi/5.2.1/../../../../arm-none-eabi/lib/armv7e-m\libc.a(lib_a-impure.o)
                                  0x2 (size before relaxing)
 .rodata._global_impure_ptr
                0x08000d14        0x4 f:/ac6/systemworkbench/plugins/fr.ac6.mcu.externaltools.arm-none.win32_1.7.0.201602121829/tools/compiler/bin/../lib/gcc/arm-none-eabi/5.2.1/../../../../arm-none-eabi/lib/armv7e-m\libc.a(lib_a-impure.o)
                0x08000d14                _global_impure_ptr
                0x08000d18                . = ALIGN (0x4)

.rel.dyn        0x08000d18        0x0
 .rel.iplt      0x08000d18        0x0 f:/ac6/systemworkbench/plugins/fr.ac6.mcu.externaltools.arm-none.win32_1.7.0.201602121829/tools/compiler/bin/../lib/gcc/arm-none-eabi/5.2.1/armv7e-m/crtbegin.o

.ARM.extab
 *(.ARM.extab* .gnu.linkonce.armextab.*)

.ARM            0x08000d18        0x0
                0x08000d18                __exidx_start = .
 *(.ARM.exidx*)
                0x08000d18                __exidx_end = .

.preinit_array  0x08000d18        0x0
                0x08000d18                PROVIDE (__preinit_array_start, .)
 *(.preinit_array*)
                0x08000d18                PROVIDE (__preinit_array_end, .)

.init_array     0x08000d18        0x8
                0x08000d18                PROVIDE (__init_array_start, .)
 *(SORT(.init_array.*))
 .init_array.00000
                0x08000d18        0x4 f:/ac6/systemworkbench/plugins/fr.ac6.mcu.externaltools.arm-none.win32_1.7.0.201602121829/tools/compiler/bin/../lib/gcc/arm-none-eabi/5.2.1/../../../../arm-none-eabi/lib/armv7e-m\libc.a(lib_a-__call_atexit.o)
 *(.init_array*)
 .init_array    0x08000d1c        0x4 f:/ac6/systemworkbench/plugins/fr.ac6.mcu.externaltools.arm-none.win32_1.7.0.201602121829/tools/compiler/bin/../lib/gcc/arm-none-eabi/5.2.1/armv7e-m/crtbegin.o
                0x08000d20                PROVIDE (__init_array_end, .)

.fini_array     0x08000d20        0x4
                0x08000d20                PROVIDE (__fini_array_start, .)
 *(SORT(.fini_array.*))
 *(.fini_array*)
 .fini_array    0x08000d20        0x4 f:/ac6/systemworkbench/plugins/fr.ac6.mcu.externaltools.arm-none.win32_1.7.0.201602121829/tools/compiler/bin/../lib/gcc/arm-none-eabi/5.2.1/armv7e-m/crtbegin.o
                0x08000d24                PROVIDE (__fini_array_end, .)
                0x08000d24                _sidata = LOADADDR (.data)

.data           0x20000000      0x458 load address 0x08000d24
                0x20000000                . = ALIGN (0x4)
                0x20000000                _sdata = .
 *(.data)
 .data          0x20000000        0x4 src/system_stm32f3xx.o
                0x20000000                SystemCoreClock
 .data          0x20000004       0x2c F:\Users\Bernd\Onedrive\Schule\4. Jahrgang\SYT\workspace\stm32f3discovery_hal_lib\Debug\libstm32f3discovery_hal_lib.a(stm32f3_discovery.o)
                0x20000004                LED_PORT
                0x20000024                BUTTON_PORT
                0x20000028                SpixTimeout
                0x2000002c                I2cxTimeout
 *(.data*)
 .data.impure_data
                0x20000030      0x428 f:/ac6/systemworkbench/plugins/fr.ac6.mcu.externaltools.arm-none.win32_1.7.0.201602121829/tools/compiler/bin/../lib/gcc/arm-none-eabi/5.2.1/../../../../arm-none-eabi/lib/armv7e-m\libc.a(lib_a-impure.o)
                0x20000458                . = ALIGN (0x4)
                0x20000458                _edata = .
                0x0800117c                _siccmram = LOADADDR (.ccmram)

.jcr            0x20000458        0x0 load address 0x0800117c
 .jcr           0x20000458        0x0 f:/ac6/systemworkbench/plugins/fr.ac6.mcu.externaltools.arm-none.win32_1.7.0.201602121829/tools/compiler/bin/../lib/gcc/arm-none-eabi/5.2.1/armv7e-m/crtbegin.o

.tm_clone_table
                0x20000458        0x0 load address 0x0800117c
 .tm_clone_table
                0x20000458        0x0 f:/ac6/systemworkbench/plugins/fr.ac6.mcu.externaltools.arm-none.win32_1.7.0.201602121829/tools/compiler/bin/../lib/gcc/arm-none-eabi/5.2.1/armv7e-m/crtbegin.o
 .tm_clone_table
                0x20000458        0x0 f:/ac6/systemworkbench/plugins/fr.ac6.mcu.externaltools.arm-none.win32_1.7.0.201602121829/tools/compiler/bin/../lib/gcc/arm-none-eabi/5.2.1/armv7e-m/crtend.o

.igot.plt       0x20000458        0x0 load address 0x0800117c
 .igot.plt      0x20000458        0x0 f:/ac6/systemworkbench/plugins/fr.ac6.mcu.externaltools.arm-none.win32_1.7.0.201602121829/tools/compiler/bin/../lib/gcc/arm-none-eabi/5.2.1/armv7e-m/crtbegin.o

.ccmram         0x10000000        0x0 load address 0x0800117c
                0x10000000                . = ALIGN (0x4)
                0x10000000                _sccmram = .
 *(.ccmram)
 *(.ccmram*)
                0x10000000                . = ALIGN (0x4)
                0x10000000                _eccmram = .
                0x10000000                . = ALIGN (0x4)

.bss            0x20000458       0x20
                0x20000458                _sbss = .
                0x20000458                __bss_start__ = _sbss
 *(.bss)
 .bss           0x20000458       0x1c f:/ac6/systemworkbench/plugins/fr.ac6.mcu.externaltools.arm-none.win32_1.7.0.201602121829/tools/compiler/bin/../lib/gcc/arm-none-eabi/5.2.1/armv7e-m/crtbegin.o
 .bss           0x20000474        0x4 F:\Users\Bernd\Onedrive\Schule\4. Jahrgang\SYT\workspace\stm32f3discovery_hal_lib\Debug\libstm32f3discovery_hal_lib.a(stm32f3xx_hal.o)
 *(.bss*)
 *(COMMON)
                0x20000478                . = ALIGN (0x4)
                0x20000478                _ebss = .
                0x20000478                __bss_end__ = _ebss

._user_heap_stack
                0x20000478      0x600
                0x20000478                . = ALIGN (0x8)
                0x20000478                PROVIDE (end, .)
                [!provide]                PROVIDE (_end, .)
                0x20000678                . = (. + _Min_Heap_Size)
 *fill*         0x20000478      0x200 
                0x20000a78                . = (. + _Min_Stack_Size)
 *fill*         0x20000678      0x400 
                0x20000a78                . = ALIGN (0x8)

/DISCARD/
 libc.a(*)
 libm.a(*)
 libgcc.a(*)

.ARM.attributes
                0x00000000       0x2a
 *(.ARM.attributes)
 .ARM.attributes
                0x00000000       0x1e f:/ac6/systemworkbench/plugins/fr.ac6.mcu.externaltools.arm-none.win32_1.7.0.201602121829/tools/compiler/bin/../lib/gcc/arm-none-eabi/5.2.1/armv7e-m/crti.o
 .ARM.attributes
                0x0000001e       0x2e f:/ac6/systemworkbench/plugins/fr.ac6.mcu.externaltools.arm-none.win32_1.7.0.201602121829/tools/compiler/bin/../lib/gcc/arm-none-eabi/5.2.1/armv7e-m/crtbegin.o
 .ARM.attributes
                0x0000004c       0x33 src/main.o
 .ARM.attributes
                0x0000007f       0x33 src/stm32f3xx_it.o
 .ARM.attributes
                0x000000b2       0x33 src/system_stm32f3xx.o
 .ARM.attributes
                0x000000e5       0x21 startup/startup_stm32f303xc.o
 .ARM.attributes
                0x00000106       0x33 F:\Users\Bernd\Onedrive\Schule\4. Jahrgang\SYT\workspace\stm32f3discovery_hal_lib\Debug\libstm32f3discovery_hal_lib.a(stm32f3xx_hal.o)
 .ARM.attributes
                0x00000139       0x33 F:\Users\Bernd\Onedrive\Schule\4. Jahrgang\SYT\workspace\stm32f3discovery_hal_lib\Debug\libstm32f3discovery_hal_lib.a(stm32f3xx_hal_cortex.o)
 .ARM.attributes
                0x0000016c       0x33 F:\Users\Bernd\Onedrive\Schule\4. Jahrgang\SYT\workspace\stm32f3discovery_hal_lib\Debug\libstm32f3discovery_hal_lib.a(stm32f3xx_hal_rcc.o)
 .ARM.attributes
                0x0000019f       0x33 F:\Users\Bernd\Onedrive\Schule\4. Jahrgang\SYT\workspace\stm32f3discovery_hal_lib\Debug\libstm32f3discovery_hal_lib.a(stm32f3_discovery.o)
 .ARM.attributes
                0x000001d2       0x33 F:\Users\Bernd\Onedrive\Schule\4. Jahrgang\SYT\workspace\stm32f3discovery_hal_lib\Debug\libstm32f3discovery_hal_lib.a(stm32f3xx_hal_gpio.o)
 .ARM.attributes
                0x00000205       0x2e f:/ac6/systemworkbench/plugins/fr.ac6.mcu.externaltools.arm-none.win32_1.7.0.201602121829/tools/compiler/bin/../lib/gcc/arm-none-eabi/5.2.1/../../../../arm-none-eabi/lib/armv7e-m\libc.a(lib_a-impure.o)
 .ARM.attributes
                0x00000233       0x2e f:/ac6/systemworkbench/plugins/fr.ac6.mcu.externaltools.arm-none.win32_1.7.0.201602121829/tools/compiler/bin/../lib/gcc/arm-none-eabi/5.2.1/../../../../arm-none-eabi/lib/armv7e-m\libc.a(lib_a-init.o)
 .ARM.attributes
                0x00000261       0x2e f:/ac6/systemworkbench/plugins/fr.ac6.mcu.externaltools.arm-none.win32_1.7.0.201602121829/tools/compiler/bin/../lib/gcc/arm-none-eabi/5.2.1/../../../../arm-none-eabi/lib/armv7e-m\libc.a(lib_a-__call_atexit.o)
 .ARM.attributes
                0x0000028f       0x2e f:/ac6/systemworkbench/plugins/fr.ac6.mcu.externaltools.arm-none.win32_1.7.0.201602121829/tools/compiler/bin/../lib/gcc/arm-none-eabi/5.2.1/../../../../arm-none-eabi/lib/armv7e-m\libc.a(lib_a-atexit.o)
 .ARM.attributes
                0x000002bd       0x2e f:/ac6/systemworkbench/plugins/fr.ac6.mcu.externaltools.arm-none.win32_1.7.0.201602121829/tools/compiler/bin/../lib/gcc/arm-none-eabi/5.2.1/../../../../arm-none-eabi/lib/armv7e-m\libc.a(lib_a-fini.o)
 .ARM.attributes
                0x000002eb       0x2e f:/ac6/systemworkbench/plugins/fr.ac6.mcu.externaltools.arm-none.win32_1.7.0.201602121829/tools/compiler/bin/../lib/gcc/arm-none-eabi/5.2.1/../../../../arm-none-eabi/lib/armv7e-m\libc.a(lib_a-__atexit.o)
 .ARM.attributes
                0x00000319       0x2e f:/ac6/systemworkbench/plugins/fr.ac6.mcu.externaltools.arm-none.win32_1.7.0.201602121829/tools/compiler/bin/../lib/gcc/arm-none-eabi/5.2.1/armv7e-m/crtend.o
 .ARM.attributes
                0x00000347       0x1e f:/ac6/systemworkbench/plugins/fr.ac6.mcu.externaltools.arm-none.win32_1.7.0.201602121829/tools/compiler/bin/../lib/gcc/arm-none-eabi/5.2.1/armv7e-m/crtn.o
OUTPUT(redLight.elf elf32-littlearm)

.debug_info     0x00000000     0x4da6
 .debug_info    0x00000000      0x12e src/main.o
 .debug_info    0x0000012e       0xbd src/stm32f3xx_it.o
 .debug_info    0x000001eb      0x3c0 src/system_stm32f3xx.o
 .debug_info    0x000005ab       0x8e startup/startup_stm32f303xc.o
 .debug_info    0x00000639      0x652 F:\Users\Bernd\Onedrive\Schule\4. Jahrgang\SYT\workspace\stm32f3discovery_hal_lib\Debug\libstm32f3discovery_hal_lib.a(stm32f3xx_hal.o)
 .debug_info    0x00000c8b      0xcaf F:\Users\Bernd\Onedrive\Schule\4. Jahrgang\SYT\workspace\stm32f3discovery_hal_lib\Debug\libstm32f3discovery_hal_lib.a(stm32f3xx_hal_cortex.o)
 .debug_info    0x0000193a     0x1afe F:\Users\Bernd\Onedrive\Schule\4. Jahrgang\SYT\workspace\stm32f3discovery_hal_lib\Debug\libstm32f3discovery_hal_lib.a(stm32f3xx_hal_rcc.o)
 .debug_info    0x00003438     0x1307 F:\Users\Bernd\Onedrive\Schule\4. Jahrgang\SYT\workspace\stm32f3discovery_hal_lib\Debug\libstm32f3discovery_hal_lib.a(stm32f3_discovery.o)
 .debug_info    0x0000473f      0x667 F:\Users\Bernd\Onedrive\Schule\4. Jahrgang\SYT\workspace\stm32f3discovery_hal_lib\Debug\libstm32f3discovery_hal_lib.a(stm32f3xx_hal_gpio.o)

.debug_abbrev   0x00000000      0xc72
 .debug_abbrev  0x00000000       0x84 src/main.o
 .debug_abbrev  0x00000084       0x6a src/stm32f3xx_it.o
 .debug_abbrev  0x000000ee      0x104 src/system_stm32f3xx.o
 .debug_abbrev  0x000001f2       0x12 startup/startup_stm32f303xc.o
 .debug_abbrev  0x00000204      0x188 F:\Users\Bernd\Onedrive\Schule\4. Jahrgang\SYT\workspace\stm32f3discovery_hal_lib\Debug\libstm32f3discovery_hal_lib.a(stm32f3xx_hal.o)
 .debug_abbrev  0x0000038c      0x298 F:\Users\Bernd\Onedrive\Schule\4. Jahrgang\SYT\workspace\stm32f3discovery_hal_lib\Debug\libstm32f3discovery_hal_lib.a(stm32f3xx_hal_cortex.o)
 .debug_abbrev  0x00000624      0x25f F:\Users\Bernd\Onedrive\Schule\4. Jahrgang\SYT\workspace\stm32f3discovery_hal_lib\Debug\libstm32f3discovery_hal_lib.a(stm32f3xx_hal_rcc.o)
 .debug_abbrev  0x00000883      0x240 F:\Users\Bernd\Onedrive\Schule\4. Jahrgang\SYT\workspace\stm32f3discovery_hal_lib\Debug\libstm32f3discovery_hal_lib.a(stm32f3_discovery.o)
 .debug_abbrev  0x00000ac3      0x1af F:\Users\Bernd\Onedrive\Schule\4. Jahrgang\SYT\workspace\stm32f3discovery_hal_lib\Debug\libstm32f3discovery_hal_lib.a(stm32f3xx_hal_gpio.o)

.debug_aranges  0x00000000      0x3f8
 .debug_aranges
                0x00000000       0x20 src/main.o
 .debug_aranges
                0x00000020       0x20 src/stm32f3xx_it.o
 .debug_aranges
                0x00000040       0x28 src/system_stm32f3xx.o
 .debug_aranges
                0x00000068       0x28 startup/startup_stm32f303xc.o
 .debug_aranges
                0x00000090       0xb0 F:\Users\Bernd\Onedrive\Schule\4. Jahrgang\SYT\workspace\stm32f3discovery_hal_lib\Debug\libstm32f3discovery_hal_lib.a(stm32f3xx_hal.o)
 .debug_aranges
                0x00000140      0x108 F:\Users\Bernd\Onedrive\Schule\4. Jahrgang\SYT\workspace\stm32f3discovery_hal_lib\Debug\libstm32f3discovery_hal_lib.a(stm32f3xx_hal_cortex.o)
 .debug_aranges
                0x00000248       0x88 F:\Users\Bernd\Onedrive\Schule\4. Jahrgang\SYT\workspace\stm32f3discovery_hal_lib\Debug\libstm32f3discovery_hal_lib.a(stm32f3xx_hal_rcc.o)
 .debug_aranges
                0x000002d0       0xd0 F:\Users\Bernd\Onedrive\Schule\4. Jahrgang\SYT\workspace\stm32f3discovery_hal_lib\Debug\libstm32f3discovery_hal_lib.a(stm32f3_discovery.o)
 .debug_aranges
                0x000003a0       0x58 F:\Users\Bernd\Onedrive\Schule\4. Jahrgang\SYT\workspace\stm32f3discovery_hal_lib\Debug\libstm32f3discovery_hal_lib.a(stm32f3xx_hal_gpio.o)

.debug_ranges   0x00000000      0x370
 .debug_ranges  0x00000000       0x10 src/main.o
 .debug_ranges  0x00000010       0x10 src/stm32f3xx_it.o
 .debug_ranges  0x00000020       0x18 src/system_stm32f3xx.o
 .debug_ranges  0x00000038       0x20 startup/startup_stm32f303xc.o
 .debug_ranges  0x00000058       0xa0 F:\Users\Bernd\Onedrive\Schule\4. Jahrgang\SYT\workspace\stm32f3discovery_hal_lib\Debug\libstm32f3discovery_hal_lib.a(stm32f3xx_hal.o)
 .debug_ranges  0x000000f8       0xf8 F:\Users\Bernd\Onedrive\Schule\4. Jahrgang\SYT\workspace\stm32f3discovery_hal_lib\Debug\libstm32f3discovery_hal_lib.a(stm32f3xx_hal_cortex.o)
 .debug_ranges  0x000001f0       0x78 F:\Users\Bernd\Onedrive\Schule\4. Jahrgang\SYT\workspace\stm32f3discovery_hal_lib\Debug\libstm32f3discovery_hal_lib.a(stm32f3xx_hal_rcc.o)
 .debug_ranges  0x00000268       0xc0 F:\Users\Bernd\Onedrive\Schule\4. Jahrgang\SYT\workspace\stm32f3discovery_hal_lib\Debug\libstm32f3discovery_hal_lib.a(stm32f3_discovery.o)
 .debug_ranges  0x00000328       0x48 F:\Users\Bernd\Onedrive\Schule\4. Jahrgang\SYT\workspace\stm32f3discovery_hal_lib\Debug\libstm32f3discovery_hal_lib.a(stm32f3xx_hal_gpio.o)

.debug_macro    0x00000000    0x17662
 .debug_macro   0x00000000      0x42b src/main.o
 .debug_macro   0x0000042b      0x8a4 src/main.o
 .debug_macro   0x00000ccf       0x2a src/main.o
 .debug_macro   0x00000cf9       0x28 src/main.o
 .debug_macro   0x00000d21       0x3b src/main.o
 .debug_macro   0x00000d5c       0x22 src/main.o
 .debug_macro   0x00000d7e       0x44 src/main.o
 .debug_macro   0x00000dc2       0xfd src/main.o
 .debug_macro   0x00000ebf       0x22 src/main.o
 .debug_macro   0x00000ee1      0x1df src/main.o
 .debug_macro   0x000010c0       0x34 src/main.o
 .debug_macro   0x000010f4       0x26 src/main.o
 .debug_macro   0x0000111a      0xe43 src/main.o
 .debug_macro   0x00001f5d     0x8367 src/main.o
 .debug_macro   0x0000a2c4       0x43 src/main.o
 .debug_macro   0x0000a307      0x11b src/main.o
 .debug_macro   0x0000a422     0x3203 src/main.o
 .debug_macro   0x0000d625       0x58 src/main.o
 .debug_macro   0x0000d67d       0x35 src/main.o
 .debug_macro   0x0000d6b2       0x9c src/main.o
 .debug_macro   0x0000d74e       0x16 src/main.o
 .debug_macro   0x0000d764       0x97 src/main.o
 .debug_macro   0x0000d7fb      0x329 src/main.o
 .debug_macro   0x0000db24       0xfd src/main.o
 .debug_macro   0x0000dc21       0x10 src/main.o
 .debug_macro   0x0000dc31       0x52 src/main.o
 .debug_macro   0x0000dc83       0x16 src/main.o
 .debug_macro   0x0000dc99       0x43 src/main.o
 .debug_macro   0x0000dcdc      0x187 src/main.o
 .debug_macro   0x0000de63       0x10 src/main.o
 .debug_macro   0x0000de73       0x22 src/main.o
 .debug_macro   0x0000de95       0x3a src/main.o
 .debug_macro   0x0000decf       0x10 src/main.o
 .debug_macro   0x0000dedf       0x40 src/main.o
 .debug_macro   0x0000df1f       0x65 src/main.o
 .debug_macro   0x0000df84       0x16 src/main.o
 .debug_macro   0x0000df9a      0x197 src/main.o
 .debug_macro   0x0000e131       0x50 src/main.o
 .debug_macro   0x0000e181      0x971 src/main.o
 .debug_macro   0x0000eaf2      0x5fe src/main.o
 .debug_macro   0x0000f0f0      0x13a src/main.o
 .debug_macro   0x0000f22a      0x1fb src/main.o
 .debug_macro   0x0000f425      0x1a7 src/main.o
 .debug_macro   0x0000f5cc       0x2a src/main.o
 .debug_macro   0x0000f5f6       0x3c src/main.o
 .debug_macro   0x0000f632      0x23a src/main.o
 .debug_macro   0x0000f86c      0xa52 src/main.o
 .debug_macro   0x000102be       0x77 src/main.o
 .debug_macro   0x00010335      0x36e src/main.o
 .debug_macro   0x000106a3       0x65 src/main.o
 .debug_macro   0x00010708      0x586 src/main.o
 .debug_macro   0x00010c8e       0x12 src/main.o
 .debug_macro   0x00010ca0       0xc7 src/main.o
 .debug_macro   0x00010d67       0x4d src/main.o
 .debug_macro   0x00010db4       0x12 src/main.o
 .debug_macro   0x00010dc6      0x189 src/main.o
 .debug_macro   0x00010f4f       0x62 src/main.o
 .debug_macro   0x00010fb1       0xcb src/main.o
 .debug_macro   0x0001107c      0x22b src/main.o
 .debug_macro   0x000112a7      0x1c9 src/main.o
 .debug_macro   0x00011470       0x4f src/main.o
 .debug_macro   0x000114bf       0x66 src/main.o
 .debug_macro   0x00011525      0x1ca src/main.o
 .debug_macro   0x000116ef       0x41 src/main.o
 .debug_macro   0x00011730      0x256 src/main.o
 .debug_macro   0x00011986       0x2a src/main.o
 .debug_macro   0x000119b0       0xab src/main.o
 .debug_macro   0x00011a5b      0x17d src/main.o
 .debug_macro   0x00011bd8       0x28 src/main.o
 .debug_macro   0x00011c00      0x265 src/main.o
 .debug_macro   0x00011e65       0xd6 src/main.o
 .debug_macro   0x00011f3b       0xd4 src/main.o
 .debug_macro   0x0001200f      0x30c src/main.o
 .debug_macro   0x0001231b      0x3e3 src/main.o
 .debug_macro   0x000126fe       0xeb src/main.o
 .debug_macro   0x000127e9      0x38a src/main.o
 .debug_macro   0x00012b73       0x11 src/main.o
 .debug_macro   0x00012b84      0x32c src/main.o
 .debug_macro   0x00012eb0      0x2e2 src/main.o
 .debug_macro   0x00013192      0x685 src/main.o
 .debug_macro   0x00013817      0x37c src/main.o
 .debug_macro   0x00013b93      0x46a src/main.o
 .debug_macro   0x00013ffd      0x558 src/main.o
 .debug_macro   0x00014555       0x2b src/main.o
 .debug_macro   0x00014580      0x24f src/main.o
 .debug_macro   0x000147cf       0x2b src/main.o
 .debug_macro   0x000147fa       0x8d src/main.o
 .debug_macro   0x00014887      0x26e src/main.o
 .debug_macro   0x00014af5      0x29e src/main.o
 .debug_macro   0x00014d93      0x42c src/stm32f3xx_it.o
 .debug_macro   0x000151bf      0x428 src/system_stm32f3xx.o
 .debug_macro   0x000155e7      0x446 F:\Users\Bernd\Onedrive\Schule\4. Jahrgang\SYT\workspace\stm32f3discovery_hal_lib\Debug\libstm32f3discovery_hal_lib.a(stm32f3xx_hal.o)
 .debug_macro   0x00015a2d      0x89e F:\Users\Bernd\Onedrive\Schule\4. Jahrgang\SYT\workspace\stm32f3discovery_hal_lib\Debug\libstm32f3discovery_hal_lib.a(stm32f3xx_hal.o)
 .debug_macro   0x000162cb      0x422 F:\Users\Bernd\Onedrive\Schule\4. Jahrgang\SYT\workspace\stm32f3discovery_hal_lib\Debug\libstm32f3discovery_hal_lib.a(stm32f3xx_hal_cortex.o)
 .debug_macro   0x000166ed      0x434 F:\Users\Bernd\Onedrive\Schule\4. Jahrgang\SYT\workspace\stm32f3discovery_hal_lib\Debug\libstm32f3discovery_hal_lib.a(stm32f3xx_hal_rcc.o)
 .debug_macro   0x00016b21      0x44f F:\Users\Bernd\Onedrive\Schule\4. Jahrgang\SYT\workspace\stm32f3discovery_hal_lib\Debug\libstm32f3discovery_hal_lib.a(stm32f3_discovery.o)
 .debug_macro   0x00016f70      0x298 F:\Users\Bernd\Onedrive\Schule\4. Jahrgang\SYT\workspace\stm32f3discovery_hal_lib\Debug\libstm32f3discovery_hal_lib.a(stm32f3_discovery.o)
 .debug_macro   0x00017208      0x45a F:\Users\Bernd\Onedrive\Schule\4. Jahrgang\SYT\workspace\stm32f3discovery_hal_lib\Debug\libstm32f3discovery_hal_lib.a(stm32f3xx_hal_gpio.o)

.debug_line     0x00000000     0x6d56
 .debug_line    0x00000000      0xb42 src/main.o
 .debug_line    0x00000b42      0xb1c src/stm32f3xx_it.o
 .debug_line    0x0000165e      0xaf9 src/system_stm32f3xx.o
 .debug_line    0x00002157       0x7f startup/startup_stm32f303xc.o
 .debug_line    0x000021d6      0xc27 F:\Users\Bernd\Onedrive\Schule\4. Jahrgang\SYT\workspace\stm32f3discovery_hal_lib\Debug\libstm32f3discovery_hal_lib.a(stm32f3xx_hal.o)
 .debug_line    0x00002dfd      0xda3 F:\Users\Bernd\Onedrive\Schule\4. Jahrgang\SYT\workspace\stm32f3discovery_hal_lib\Debug\libstm32f3discovery_hal_lib.a(stm32f3xx_hal_cortex.o)
 .debug_line    0x00003ba0     0x1809 F:\Users\Bernd\Onedrive\Schule\4. Jahrgang\SYT\workspace\stm32f3discovery_hal_lib\Debug\libstm32f3discovery_hal_lib.a(stm32f3xx_hal_rcc.o)
 .debug_line    0x000053a9      0xd57 F:\Users\Bernd\Onedrive\Schule\4. Jahrgang\SYT\workspace\stm32f3discovery_hal_lib\Debug\libstm32f3discovery_hal_lib.a(stm32f3_discovery.o)
 .debug_line    0x00006100      0xc56 F:\Users\Bernd\Onedrive\Schule\4. Jahrgang\SYT\workspace\stm32f3discovery_hal_lib\Debug\libstm32f3discovery_hal_lib.a(stm32f3xx_hal_gpio.o)

.debug_str      0x00000000    0xa1a2c
 .debug_str     0x00000000    0x9ff5a src/main.o
                              0xa01d6 (size before relaxing)
 .debug_str     0x0009ff5a       0x38 src/stm32f3xx_it.o
                              0x9ef32 (size before relaxing)
 .debug_str     0x0009ff92      0x13f src/system_stm32f3xx.o
                              0x9f05d (size before relaxing)
 .debug_str     0x000a00d1      0x607 F:\Users\Bernd\Onedrive\Schule\4. Jahrgang\SYT\workspace\stm32f3discovery_hal_lib\Debug\libstm32f3discovery_hal_lib.a(stm32f3xx_hal.o)
                              0x9f735 (size before relaxing)
 .debug_str     0x000a06d8      0x38c F:\Users\Bernd\Onedrive\Schule\4. Jahrgang\SYT\workspace\stm32f3discovery_hal_lib\Debug\libstm32f3discovery_hal_lib.a(stm32f3xx_hal_cortex.o)
                              0x9f880 (size before relaxing)
 .debug_str     0x000a0a64      0x3a2 F:\Users\Bernd\Onedrive\Schule\4. Jahrgang\SYT\workspace\stm32f3discovery_hal_lib\Debug\libstm32f3discovery_hal_lib.a(stm32f3xx_hal_rcc.o)
                              0x9f3de (size before relaxing)
 .debug_str     0x000a0e06      0x9b6 F:\Users\Bernd\Onedrive\Schule\4. Jahrgang\SYT\workspace\stm32f3discovery_hal_lib\Debug\libstm32f3discovery_hal_lib.a(stm32f3_discovery.o)
                              0xa113f (size before relaxing)
 .debug_str     0x000a17bc      0x270 F:\Users\Bernd\Onedrive\Schule\4. Jahrgang\SYT\workspace\stm32f3discovery_hal_lib\Debug\libstm32f3discovery_hal_lib.a(stm32f3xx_hal_gpio.o)
                              0x9f2c8 (size before relaxing)

.comment        0x00000000       0x6e
 .comment       0x00000000       0x6e src/main.o
                                 0x6f (size before relaxing)
 .comment       0x0000006e       0x6f src/stm32f3xx_it.o
 .comment       0x0000006e       0x6f src/system_stm32f3xx.o
 .comment       0x0000006e       0x6f F:\Users\Bernd\Onedrive\Schule\4. Jahrgang\SYT\workspace\stm32f3discovery_hal_lib\Debug\libstm32f3discovery_hal_lib.a(stm32f3xx_hal.o)
 .comment       0x0000006e       0x6f F:\Users\Bernd\Onedrive\Schule\4. Jahrgang\SYT\workspace\stm32f3discovery_hal_lib\Debug\libstm32f3discovery_hal_lib.a(stm32f3xx_hal_cortex.o)
 .comment       0x0000006e       0x6f F:\Users\Bernd\Onedrive\Schule\4. Jahrgang\SYT\workspace\stm32f3discovery_hal_lib\Debug\libstm32f3discovery_hal_lib.a(stm32f3xx_hal_rcc.o)
 .comment       0x0000006e       0x6f F:\Users\Bernd\Onedrive\Schule\4. Jahrgang\SYT\workspace\stm32f3discovery_hal_lib\Debug\libstm32f3discovery_hal_lib.a(stm32f3_discovery.o)
 .comment       0x0000006e       0x6f F:\Users\Bernd\Onedrive\Schule\4. Jahrgang\SYT\workspace\stm32f3discovery_hal_lib\Debug\libstm32f3discovery_hal_lib.a(stm32f3xx_hal_gpio.o)

.debug_frame    0x00000000      0xefc
 .debug_frame   0x00000000       0x2c src/main.o
 .debug_frame   0x0000002c       0x2c src/stm32f3xx_it.o
 .debug_frame   0x00000058       0x58 src/system_stm32f3xx.o
 .debug_frame   0x000000b0      0x270 F:\Users\Bernd\Onedrive\Schule\4. Jahrgang\SYT\workspace\stm32f3discovery_hal_lib\Debug\libstm32f3discovery_hal_lib.a(stm32f3xx_hal.o)
 .debug_frame   0x00000320      0x450 F:\Users\Bernd\Onedrive\Schule\4. Jahrgang\SYT\workspace\stm32f3discovery_hal_lib\Debug\libstm32f3discovery_hal_lib.a(stm32f3xx_hal_cortex.o)
 .debug_frame   0x00000770      0x214 F:\Users\Bernd\Onedrive\Schule\4. Jahrgang\SYT\workspace\stm32f3discovery_hal_lib\Debug\libstm32f3discovery_hal_lib.a(stm32f3xx_hal_rcc.o)
 .debug_frame   0x00000984      0x328 F:\Users\Bernd\Onedrive\Schule\4. Jahrgang\SYT\workspace\stm32f3discovery_hal_lib\Debug\libstm32f3discovery_hal_lib.a(stm32f3_discovery.o)
 .debug_frame   0x00000cac      0x14c F:\Users\Bernd\Onedrive\Schule\4. Jahrgang\SYT\workspace\stm32f3discovery_hal_lib\Debug\libstm32f3discovery_hal_lib.a(stm32f3xx_hal_gpio.o)
 .debug_frame   0x00000df8       0x2c f:/ac6/systemworkbench/plugins/fr.ac6.mcu.externaltools.arm-none.win32_1.7.0.201602121829/tools/compiler/bin/../lib/gcc/arm-none-eabi/5.2.1/../../../../arm-none-eabi/lib/armv7e-m\libc.a(lib_a-init.o)
 .debug_frame   0x00000e24       0x50 f:/ac6/systemworkbench/plugins/fr.ac6.mcu.externaltools.arm-none.win32_1.7.0.201602121829/tools/compiler/bin/../lib/gcc/arm-none-eabi/5.2.1/../../../../arm-none-eabi/lib/armv7e-m\libc.a(lib_a-__call_atexit.o)
 .debug_frame   0x00000e74       0x20 f:/ac6/systemworkbench/plugins/fr.ac6.mcu.externaltools.arm-none.win32_1.7.0.201602121829/tools/compiler/bin/../lib/gcc/arm-none-eabi/5.2.1/../../../../arm-none-eabi/lib/armv7e-m\libc.a(lib_a-atexit.o)
 .debug_frame   0x00000e94       0x34 f:/ac6/systemworkbench/plugins/fr.ac6.mcu.externaltools.arm-none.win32_1.7.0.201602121829/tools/compiler/bin/../lib/gcc/arm-none-eabi/5.2.1/../../../../arm-none-eabi/lib/armv7e-m\libc.a(lib_a-fini.o)
 .debug_frame   0x00000ec8       0x34 f:/ac6/systemworkbench/plugins/fr.ac6.mcu.externaltools.arm-none.win32_1.7.0.201602121829/tools/compiler/bin/../lib/gcc/arm-none-eabi/5.2.1/../../../../arm-none-eabi/lib/armv7e-m\libc.a(lib_a-__atexit.o)
