12:21:19 **** Incremental Build of configuration Debug for project ampel ****
make all 
'Building file: ../src/main.c'
'Invoking: MCU GCC Compiler'
F:\Users\Bernd\Onedrive\Schule\4. Jahrgang\SYT\workspace\ampel\Debug
arm-none-eabi-gcc -mcpu=cortex-m4 -mthumb -mfloat-abi=soft -DSTM32F30 -DSTM32F3DISCOVERY -DSTM32F3 -DSTM32F303VCTx -DSTM32 -DDEBUG -DUSE_HAL_DRIVER -DSTM32F303xC -I"F:/Users/Bernd/Onedrive/Schule/4. Jahrgang/SYT/workspace/stm32f3discovery_hal_lib" -I"F:/Users/Bernd/Onedrive/Schule/4. Jahrgang/SYT/workspace/ampel/inc" -I"F:/Users/Bernd/Onedrive/Schule/4. Jahrgang/SYT/workspace/stm32f3discovery_hal_lib/CMSIS/core" -I"F:/Users/Bernd/Onedrive/Schule/4. Jahrgang/SYT/workspace/stm32f3discovery_hal_lib/CMSIS/device" -I"F:/Users/Bernd/Onedrive/Schule/4. Jahrgang/SYT/workspace/stm32f3discovery_hal_lib/HAL_Driver/Inc/Legacy" -I"F:/Users/Bernd/Onedrive/Schule/4. Jahrgang/SYT/workspace/stm32f3discovery_hal_lib/HAL_Driver/Inc" -I"F:/Users/Bernd/Onedrive/Schule/4. Jahrgang/SYT/workspace/stm32f3discovery_hal_lib/Utilities/Components/Common" -I"F:/Users/Bernd/Onedrive/Schule/4. Jahrgang/SYT/workspace/stm32f3discovery_hal_lib/Utilities/Components/l3gd20" -I"F:/Users/Bernd/Onedrive/Schule/4. Jahrgang/SYT/workspace/stm32f3discovery_hal_lib/Utilities/Components/lsm303dlhc" -I"F:/Users/Bernd/Onedrive/Schule/4. Jahrgang/SYT/workspace/stm32f3discovery_hal_lib/Utilities/STM32F3-Discovery" -O0 -g3 -Wall -fmessage-length=0 -ffunction-sections -c -MMD -MP -MF"src/main.d" -MT"src/main.o" -o "src/main.o" "../src/main.c"
'Finished building: ../src/main.c'
' '
'Building target: ampel.elf'
'Invoking: MCU GCC Linker'
arm-none-eabi-gcc -mcpu=cortex-m4 -mthumb -mfloat-abi=soft -L"F:\Users\Bernd\Onedrive\Schule\4. Jahrgang\SYT\workspace\stm32f3discovery_hal_lib\Debug" -T"F:\Users\Bernd\Onedrive\Schule\4. Jahrgang\SYT\workspace\ampel\LinkerScript.ld" -Wl,-Map=output.map -Wl,--gc-sections -lm -o "ampel.elf" @"objects.list"  -lstm32f3discovery_hal_lib
'Finished building target: ampel.elf'
' '
make --no-print-directory post-build
'Generating binary and Printing size information:'
arm-none-eabi-objcopy -O binary "ampel.elf" "ampel.bin"
arm-none-eabi-size "ampel.elf"
   text	   data	    bss	    dec	    hex	filename
   3696	   1124	   1592	   6412	   190c	ampel.elf
' '

12:21:20 Build Finished (took 834ms)

