17:55:22 **** Incremental Build of configuration Debug for project blinkLEDs ****
make all 
'Building file: ../src/main.c'
'Invoking: MCU GCC Compiler'
F:\Users\Bernd\Onedrive\Schule\4. Jahrgang\SYT\workspace\blinkLEDs\Debug
arm-none-eabi-gcc -mcpu=cortex-m4 -mthumb -mfloat-abi=soft -DSTM32F30 -DSTM32F3DISCOVERY -DSTM32F3 -DSTM32F303VCTx -DSTM32 -DDEBUG -DUSE_HAL_DRIVER -DSTM32F303xC -I"F:/Users/Bernd/Onedrive/Schule/4. Jahrgang/SYT/workspace/stm32f3discovery_hal_lib" -I"F:/Users/Bernd/Onedrive/Schule/4. Jahrgang/SYT/workspace/blinkLEDs/inc" -I"F:/Users/Bernd/Onedrive/Schule/4. Jahrgang/SYT/workspace/stm32f3discovery_hal_lib/CMSIS/core" -I"F:/Users/Bernd/Onedrive/Schule/4. Jahrgang/SYT/workspace/stm32f3discovery_hal_lib/CMSIS/device" -I"F:/Users/Bernd/Onedrive/Schule/4. Jahrgang/SYT/workspace/stm32f3discovery_hal_lib/HAL_Driver/Inc/Legacy" -I"F:/Users/Bernd/Onedrive/Schule/4. Jahrgang/SYT/workspace/stm32f3discovery_hal_lib/HAL_Driver/Inc" -I"F:/Users/Bernd/Onedrive/Schule/4. Jahrgang/SYT/workspace/stm32f3discovery_hal_lib/Utilities/Components/Common" -I"F:/Users/Bernd/Onedrive/Schule/4. Jahrgang/SYT/workspace/stm32f3discovery_hal_lib/Utilities/Components/l3gd20" -I"F:/Users/Bernd/Onedrive/Schule/4. Jahrgang/SYT/workspace/stm32f3discovery_hal_lib/Utilities/Components/lsm303dlhc" -I"F:/Users/Bernd/Onedrive/Schule/4. Jahrgang/SYT/workspace/stm32f3discovery_hal_lib/Utilities/STM32F3-Discovery" -O0 -g3 -Wall -fmessage-length=0 -ffunction-sections -c -MMD -MP -MF"src/main.d" -MT"src/main.o" -o "src/main.o" "../src/main.c"
../src/main.c: In function 'main':
../src/main.c:23:2: warning: implicit declaration of function 'LED_Init' [-Wimplicit-function-declaration]
  LED_Init();
  ^
../src/main.c: At top level:
../src/main.c:36:6: warning: conflicting types for 'LED_Init'
 void LED_Init(void){
      ^
../src/main.c:23:2: note: previous implicit declaration of 'LED_Init' was here
  LED_Init();
  ^
'Finished building: ../src/main.c'
' '
'Building target: blinkLEDs.elf'
'Invoking: MCU GCC Linker'
arm-none-eabi-gcc -mcpu=cortex-m4 -mthumb -mfloat-abi=soft -L"F:\Users\Bernd\Onedrive\Schule\4. Jahrgang\SYT\workspace\stm32f3discovery_hal_lib\Debug" -T"F:\Users\Bernd\Onedrive\Schule\4. Jahrgang\SYT\workspace\blinkLEDs\LinkerScript.ld" -Wl,-Map=output.map -Wl,--gc-sections -lm -o "blinkLEDs.elf" @"objects.list"  -lstm32f3discovery_hal_lib
'Finished building target: blinkLEDs.elf'
' '
make --no-print-directory post-build
'Generating binary and Printing size information:'
arm-none-eabi-objcopy -O binary "blinkLEDs.elf" "blinkLEDs.bin"
arm-none-eabi-size "blinkLEDs.elf"
   text	   data	    bss	    dec	    hex	filename
   3056	   1084	   1568	   5708	   164c	blinkLEDs.elf
' '

17:55:23 Build Finished (took 1s.186ms)

