10:59:13 **** Incremental Build of configuration Debug for project L07 ****
make all 
'Building file: ../src/main.c'
'Invoking: MCU GCC Compiler'
F:\Users\Bernd\Onedrive\Schule\Jahrgang_4\SYT\workspace\L07\Debug
arm-none-eabi-gcc -mcpu=cortex-m4 -mthumb -mfloat-abi=soft -DSTM32F30 -DSTM32F3DISCOVERY -DSTM32F3 -DSTM32F303VCTx -DSTM32 -DDEBUG -DUSE_HAL_DRIVER -DSTM32F303xC -I"F:/Users/Bernd/Onedrive/Schule/Jahrgang_4/SYT/workspace/static_libary" -I"F:/Users/Bernd/Onedrive/Schule/Jahrgang_4/SYT/workspace/static_libary/inc" -I"F:/Users/Bernd/Onedrive/Schule/4. Jahrgang/SYT/workspace/stm32f3discovery_hal_lib/CMSIS/core" -I"F:/Users/Bernd/Onedrive/Schule/4. Jahrgang/SYT/workspace/stm32f3discovery_hal_lib/CMSIS/device" -I"F:/Users/Bernd/Onedrive/Schule/4. Jahrgang/SYT/workspace/stm32f3discovery_hal_lib/HAL_Driver/Inc/Legacy" -I"F:/Users/Bernd/Onedrive/Schule/4. Jahrgang/SYT/workspace/stm32f3discovery_hal_lib/HAL_Driver/Inc" -I"F:/Users/Bernd/Onedrive/Schule/4. Jahrgang/SYT/workspace/stm32f3discovery_hal_lib/Utilities/Components/Common" -I"F:/Users/Bernd/Onedrive/Schule/4. Jahrgang/SYT/workspace/stm32f3discovery_hal_lib/Utilities/Components/l3gd20" -I"F:/Users/Bernd/Onedrive/Schule/4. Jahrgang/SYT/workspace/stm32f3discovery_hal_lib/Utilities/Components/lsm303dlhc" -I"F:/Users/Bernd/Onedrive/Schule/4. Jahrgang/SYT/workspace/stm32f3discovery_hal_lib/Utilities/STM32F3-Discovery" -I"F:/Users/Bernd/Onedrive/Schule/Jahrgang_4/SYT/workspace/stm32f3discovery_hal_lib" -I"F:/Users/Bernd/Onedrive/Schule/Jahrgang_4/SYT/workspace/L07/inc" -I"F:/Users/Bernd/Onedrive/Schule/Jahrgang_4/SYT/workspace/stm32f3discovery_hal_lib/CMSIS/core" -I"F:/Users/Bernd/Onedrive/Schule/Jahrgang_4/SYT/workspace/stm32f3discovery_hal_lib/CMSIS/device" -I"F:/Users/Bernd/Onedrive/Schule/Jahrgang_4/SYT/workspace/stm32f3discovery_hal_lib/HAL_Driver/Inc/Legacy" -I"F:/Users/Bernd/Onedrive/Schule/Jahrgang_4/SYT/workspace/stm32f3discovery_hal_lib/HAL_Driver/Inc" -I"F:/Users/Bernd/Onedrive/Schule/Jahrgang_4/SYT/workspace/stm32f3discovery_hal_lib/Utilities/Components/Common" -I"F:/Users/Bernd/Onedrive/Schule/Jahrgang_4/SYT/workspace/stm32f3discovery_hal_lib/Utilities/Components/l3gd20" -I"F:/Users/Bernd/Onedrive/Schule/Jahrgang_4/SYT/workspace/stm32f3discovery_hal_lib/Utilities/Components/lsm303dlhc" -I"F:/Users/Bernd/Onedrive/Schule/Jahrgang_4/SYT/workspace/stm32f3discovery_hal_lib/Utilities/STM32F3-Discovery" -O0 -g3 -Wall -fmessage-length=0 -ffunction-sections -c -MMD -MP -MF"src/main.d" -MT"src/main.o" -o "src/main.o" "../src/main.c"
../src/main.c: In function 'initDma':
../src/main.c:40:31: warning: unused variable 'rcDmaStart' [-Wunused-variable]
  HAL_StatusTypeDef rcDmaInit, rcDmaStart;
                               ^
../src/main.c:40:20: warning: variable 'rcDmaInit' set but not used [-Wunused-but-set-variable]
  HAL_StatusTypeDef rcDmaInit, rcDmaStart;
                    ^
../src/main.c: In function 'main':
../src/main.c:181:10: warning: format '%d' expects argument of type 'int', but argument 3 has type 'uint32_t {aka long unsigned int}' [-Wformat=]
   printf("VDDA: %d\nChannel1: %d mv \nChannel2: %d mv \nChannel3: %d mv \nR2 entspricht %d\n", VDDA, results[1], results[2],results[3] , R2);
          ^
../src/main.c:181:10: warning: format '%d' expects argument of type 'int', but argument 4 has type 'uint32_t {aka long unsigned int}' [-Wformat=]
../src/main.c:181:10: warning: format '%d' expects argument of type 'int', but argument 5 has type 'uint32_t {aka long unsigned int}' [-Wformat=]
../src/main.c:181:10: warning: format '%d' expects argument of type 'int', but argument 3 has type 'uint32_t {aka long unsigned int}' [-Wformat=]
../src/main.c:181:10: warning: format '%d' expects argument of type 'int', but argument 4 has type 'uint32_t {aka long unsigned int}' [-Wformat=]
../src/main.c:181:10: warning: format '%d' expects argument of type 'int', but argument 5 has type 'uint32_t {aka long unsigned int}' [-Wformat=]
'Finished building: ../src/main.c'
' '
'Building target: L07.elf'
'Invoking: MCU GCC Linker'
arm-none-eabi-gcc -mcpu=cortex-m4 -mthumb -mfloat-abi=soft -L"F:\Users\Bernd\Onedrive\Schule\Jahrgang_4\SYT\workspace\static_libary\Debug" -L"F:\Users\Bernd\Onedrive\Schule\Jahrgang_4\SYT\workspace\stm32f3discovery_hal_lib\Debug" -T"F:\Users\Bernd\Onedrive\Schule\Jahrgang_4\SYT\workspace\L07\LinkerScript.ld" -Wl,-Map=output.map -Wl,--gc-sections -lm -o "L07.elf" @"objects.list"  -lstatic_libary -lstm32f3discovery_hal_lib -u HAL_ADCEx_InjectedStart
'Finished building target: L07.elf'
' '
make --no-print-directory post-build
'Generating binary and Printing size information:'
arm-none-eabi-objcopy -O binary "L07.elf" "L07.bin"
arm-none-eabi-size "L07.elf"
   text	   data	    bss	    dec	    hex	filename
  35316	   2264	   1820	  39400	   99e8	L07.elf
' '

10:59:14 Build Finished (took 986ms)

